141.170.240.20 - - [14/Mar/2016:15:08:49 +0200] "POST /socket.io/?EIO=3&transport=polling&t=1457960929463-5290&sid=PnjLqvTRz23llV5_AADT HTTP/1.1" 200 2 "http://somehost.com/desk" "Mozilla/5.0 (Macintosh; Intel Mac OS X 10_11_3) AppleWebKit/537.36 (KHTML, like Gecko) Chrome/48.0.2564.116 Safari/537.36"
178.250.62.30 - - [14/Mar/2016:15:08:55 +0200] "GET /socket.io/?EIO=3&transport=polling&t=1457960910213-36&sid=FfmDWF84rKexIW__AADU HTTP/1.1" 200 4 "http://somehost.com/desk" "Mozilla/5.0 (Windows NT 6.3; WOW64) AppleWebKit/537.36 (KHTML, like Gecko) Chrome/48.0.2564.116 Safari/537.36"
178.250.62.30 - - [14/Mar/2016:15:08:55 +0200] "POST /socket.io/?EIO=3&transport=polling&t=1457960935221-37&sid=FfmDWF84rKexIW__AADU HTTP/1.1" 200 2 "http://somehost.com/desk" "Mozilla/5.0 (Windows NT 6.3; WOW64) AppleWebKit/537.36 (KHTML, like Gecko) Chrome/48.0.2564.116 Safari/537.36"
141.170.240.20 - - [14/Mar/2016:15:09:16 +0200] "GET /socket.io/?EIO=3&transport=polling&t=1457960929556-5291&sid=PnjLqvTRz23llV5_AADT HTTP/1.1" 200 4 "http://somehost.com/desk" "Mozilla/5.0 (Macintosh; Intel Mac OS X 10_11_3) AppleWebKit/537.36 (KHTML, like Gecko) Chrome/48.0.2564.116 Safari/537.36"
141.170.240.20 - - [14/Mar/2016:15:09:16 +0200] "POST /socket.io/?EIO=3&transport=polling&t=1457960955857-5292&sid=PnjLqvTRz23llV5_AADT HTTP/1.1" 200 2 "http://somehost.com/desk" "Mozilla/5.0 (Macintosh; Intel Mac OS X 10_11_3) AppleWebKit/537.36 (KHTML, like Gecko) Chrome/48.0.2564.116 Safari/537.36"
178.250.62.30 - - [14/Mar/2016:15:09:20 +0200] "GET /socket.io/?EIO=3&transport=polling&t=1457960935346-38&sid=FfmDWF84rKexIW__AADU HTTP/1.1" 200 4 "http://somehost.com/desk" "Mozilla/5.0 (Windows NT 6.3; WOW64) AppleWebKit/537.36 (KHTML, like Gecko) Chrome/48.0.2564.116 Safari/537.36"
178.250.62.30 - - [14/Mar/2016:15:09:20 +0200] "POST /socket.io/?EIO=3&transport=polling&t=1457960960369-39&sid=FfmDWF84rKexIW__AADU HTTP/1.1" 200 2 "http://somehost.com/desk" "Mozilla/5.0 (Windows NT 6.3; WOW64) AppleWebKit/537.36 (KHTML, like Gecko) Chrome/48.0.2564.116 Safari/537.36"
178.250.62.30 - - [14/Mar/2016:15:09:45 +0200] "GET /socket.io/?EIO=3&transport=polling&t=1457960960494-40&sid=FfmDWF84rKexIW__AADU HTTP/1.1" 200 4 "http://somehost.com/desk" "Mozilla/5.0 (Windows NT 6.3; WOW64) AppleWebKit/537.36 (KHTML, like Gecko) Chrome/48.0.2564.116 Safari/537.36"
178.250.62.30 - - [14/Mar/2016:15:09:45 +0200] "POST /socket.io/?EIO=3&transport=polling&t=1457960985501-41&sid=FfmDWF84rKexIW__AADU HTTP/1.1" 200 2 "http://somehost.com/desk" "Mozilla/5.0 (Windows NT 6.3; WOW64) AppleWebKit/537.36 (KHTML, like Gecko) Chrome/48.0.2564.116 Safari/537.36"
141.170.240.20 - - [14/Mar/2016:15:09:48 +0200] "GET /socket.io/?EIO=3&transport=polling&t=1457960955955-5293&sid=PnjLqvTRz23llV5_AADT HTTP/1.1" 200 4 "http://somehost.com/desk" "Mozilla/5.0 (Macintosh; Intel Mac OS X 10_11_3) AppleWebKit/537.36 (KHTML, like Gecko) Chrome/48.0.2564.116 Safari/537.36"
141.170.240.20 - - [14/Mar/2016:15:09:48 +0200] "POST /socket.io/?EIO=3&transport=polling&t=1457960988522-5294&sid=PnjLqvTRz23llV5_AADT HTTP/1.1" 200 2 "http://somehost.com/desk" "Mozilla/5.0 (Macintosh; Intel Mac OS X 10_11_3) AppleWebKit/537.36 (KHTML, like Gecko) Chrome/48.0.2564.116 Safari/537.36"
178.250.62.30 - - [14/Mar/2016:15:10:10 +0200] "GET /socket.io/?EIO=3&transport=polling&t=1457960985627-42&sid=FfmDWF84rKexIW__AADU HTTP/1.1" 200 4 "http://somehost.com/desk" "Mozilla/5.0 (Windows NT 6.3; WOW64) AppleWebKit/537.36 (KHTML, like Gecko) Chrome/48.0.2564.116 Safari/537.36"
178.250.62.30 - - [14/Mar/2016:15:10:10 +0200] "POST /socket.io/?EIO=3&transport=polling&t=1457961010634-43&sid=FfmDWF84rKexIW__AADU HTTP/1.1" 200 2 "http://somehost.com/desk" "Mozilla/5.0 (Windows NT 6.3; WOW64) AppleWebKit/537.36 (KHTML, like Gecko) Chrome/48.0.2564.116 Safari/537.36"
141.170.240.20 - - [14/Mar/2016:15:10:14 +0200] "GET /socket.io/?EIO=3&transport=polling&t=1457960988638-5295&sid=PnjLqvTRz23llV5_AADT HTTP/1.1" 200 4 "http://somehost.com/desk" "Mozilla/5.0 (Macintosh; Intel Mac OS X 10_11_3) AppleWebKit/537.36 (KHTML, like Gecko) Chrome/48.0.2564.116 Safari/537.36"
141.170.240.20 - - [14/Mar/2016:15:10:14 +0200] "POST /socket.io/?EIO=3&transport=polling&t=1457961014366-5296&sid=PnjLqvTRz23llV5_AADT HTTP/1.1" 200 2 "http://somehost.com/desk" "Mozilla/5.0 (Macintosh; Intel Mac OS X 10_11_3) AppleWebKit/537.36 (KHTML, like Gecko) Chrome/48.0.2564.116 Safari/537.36"
178.250.62.30 - - [14/Mar/2016:15:10:35 +0200] "GET /socket.io/?EIO=3&transport=polling&t=1457961010759-44&sid=FfmDWF84rKexIW__AADU HTTP/1.1" 200 4 "http://somehost.com/desk" "Mozilla/5.0 (Windows NT 6.3; WOW64) AppleWebKit/537.36 (KHTML, like Gecko) Chrome/48.0.2564.116 Safari/537.36"
178.250.62.30 - - [14/Mar/2016:15:10:35 +0200] "POST /socket.io/?EIO=3&transport=polling&t=1457961035767-45&sid=FfmDWF84rKexIW__AADU HTTP/1.1" 200 2 "http://somehost.com/desk" "Mozilla/5.0 (Windows NT 6.3; WOW64) AppleWebKit/537.36 (KHTML, like Gecko) Chrome/48.0.2564.116 Safari/537.36"
141.170.240.20 - - [14/Mar/2016:15:10:42 +0200] "GET /socket.io/?EIO=3&transport=polling&t=1457961014478-5297&sid=PnjLqvTRz23llV5_AADT HTTP/1.1" 200 4 "http://somehost.com/desk" "Mozilla/5.0 (Macintosh; Intel Mac OS X 10_11_3) AppleWebKit/537.36 (KHTML, like Gecko) Chrome/48.0.2564.116 Safari/537.36"
141.170.240.20 - - [14/Mar/2016:15:10:42 +0200] "POST /socket.io/?EIO=3&transport=polling&t=1457961041860-5298&sid=PnjLqvTRz23llV5_AADT HTTP/1.1" 200 2 "http://somehost.com/desk" "Mozilla/5.0 (Macintosh; Intel Mac OS X 10_11_3) AppleWebKit/537.36 (KHTML, like Gecko) Chrome/48.0.2564.116 Safari/537.36"
178.250.62.30 - - [14/Mar/2016:15:10:43 +0200] "POST / HTTP/1.1" 200 518 "http://somehost.com/desk" "Mozilla/5.0 (Windows NT 6.3; WOW64) AppleWebKit/537.36 (KHTML, like Gecko) Chrome/48.0.2564.116 Safari/537.36"
178.250.62.30 - - [14/Mar/2016:15:10:49 +0200] "POST /socket.io/?EIO=3&transport=polling&t=1457961049329-47&sid=FfmDWF84rKexIW__AADU HTTP/1.1" 200 2 "http://somehost.com/desk" "Mozilla/5.0 (Windows NT 6.3; WOW64) AppleWebKit/537.36 (KHTML, like Gecko) Chrome/48.0.2564.116 Safari/537.36"
178.250.62.30 - - [14/Mar/2016:15:10:49 +0200] "POST /socket.io/?EIO=3&transport=polling&t=1457961049461-48&sid=FfmDWF84rKexIW__AADU HTTP/1.1" 200 2 "http://somehost.com/desk" "Mozilla/5.0 (Windows NT 6.3; WOW64) AppleWebKit/537.36 (KHTML, like Gecko) Chrome/48.0.2564.116 Safari/537.36"
178.250.62.30 - - [14/Mar/2016:15:10:57 +0200] "GET /?stats=%5B%22_user_tags%22%2C%22status%22%5D&doctype=Quotation&cmd=frappe.desk.reportview.get_stats&_=1457960532545 HTTP/1.1" 200 83 "http://somehost.com/desk" "Mozilla/5.0 (Windows NT 6.3; WOW64) AppleWebKit/537.36 (KHTML, like Gecko) Chrome/48.0.2564.116 Safari/537.36"
178.250.62.30 - - [14/Mar/2016:15:10:57 +0200] "GET /?limit_start=0&limit_page_length=20&doctype=Quotation&fields=%5B%22%60tabQuotation%60.%60name%60%22%2C%22%60tabQuotation%60.%60owner%60%22%2C%22%60tabQuotation%60.%60docstatus%60%22%2C%22%60tabQuotation%60.%60_user_tags%60%22%2C%22%60tabQuotation%60.%60_comments%60%22%2C%22%60tabQuotation%60.%60modified%60%22%2C%22%60tabQuotation%60.%60modified_by%60%22%2C%22%60tabQuotation%60.%60_assign%60%22%2C%22%60tabQuotation%60.%60_liked_by%60%22%2C%22%60tabQuotation%60.%60title%60%22%2C%22%60tabQuotation%60.%60grand_total%60%22%2C%22%60tabQuotation%60.%60currency%60%22%2C%22%60tabQuotation%60.%60status%60%22%2C%22%60tabQuotation%60.customer_name%22%2C%22%60tabQuotation%60.base_grand_total%22%2C%22%60tabQuotation%60.status%22%2C%22%60tabQuotation%60.company%22%2C%22%60tabQuotation%60.currency%22%5D&filters=%5B%5B%22Quotation%22%2C%22docstatus%22%2C%22%3D%22%2C%220%22%5D%5D&with_comment_count=true&cmd=frappe.desk.reportview.get&_=1457960532546 HTTP/1.1" 200 3517 "http://somehost.com/desk" "Mozilla/5.0 (Windows NT 6.3; WOW64) AppleWebKit/537.36 (KHTML, like Gecko) Chrome/48.0.2564.116 Safari/537.36"
178.250.62.30 - - [14/Mar/2016:15:11:01 +0200] "GET /socket.io/?EIO=3&transport=polling&t=1457961035893-46&sid=FfmDWF84rKexIW__AADU HTTP/1.1" 200 4 "http://somehost.com/desk" "Mozilla/5.0 (Windows NT 6.3; WOW64) AppleWebKit/537.36 (KHTML, like Gecko) Chrome/48.0.2564.116 Safari/537.36"
178.250.62.30 - - [14/Mar/2016:15:11:01 +0200] "POST /socket.io/?EIO=3&transport=polling&t=1457961060893-49&sid=FfmDWF84rKexIW__AADU HTTP/1.1" 200 2 "http://somehost.com/desk" "Mozilla/5.0 (Windows NT 6.3; WOW64) AppleWebKit/537.36 (KHTML, like Gecko) Chrome/48.0.2564.116 Safari/537.36"
141.170.240.20 - - [14/Mar/2016:15:11:07 +0200] "GET /socket.io/?EIO=3&transport=polling&t=1457961041954-5299&sid=PnjLqvTRz23llV5_AADT HTTP/1.1" 200 4 "http://somehost.com/desk" "Mozilla/5.0 (Macintosh; Intel Mac OS X 10_11_3) AppleWebKit/537.36 (KHTML, like Gecko) Chrome/48.0.2564.116 Safari/537.36"
141.170.240.20 - - [14/Mar/2016:15:11:07 +0200] "POST /socket.io/?EIO=3&transport=polling&t=1457961067340-5300&sid=PnjLqvTRz23llV5_AADT HTTP/1.1" 200 2 "http://somehost.com/desk" "Mozilla/5.0 (Macintosh; Intel Mac OS X 10_11_3) AppleWebKit/537.36 (KHTML, like Gecko) Chrome/48.0.2564.116 Safari/537.36"
178.250.62.30 - - [14/Mar/2016:15:11:13 +0200] "POST / HTTP/1.1" 200 518 "http://somehost.com/desk" "Mozilla/5.0 (Windows NT 6.3; WOW64) AppleWebKit/537.36 (KHTML, like Gecko) Chrome/48.0.2564.116 Safari/537.36"
178.250.62.30 - - [14/Mar/2016:15:11:25 +0200] "POST / HTTP/1.1" 200 2488 "http://somehost.com/desk" "Mozilla/5.0 (Windows NT 6.3; WOW64) AppleWebKit/537.36 (KHTML, like Gecko) Chrome/48.0.2564.116 Safari/537.36"
178.250.62.30 - - [14/Mar/2016:15:11:26 +0200] "GET /socket.io/?EIO=3&transport=polling&t=1457961060963-50&sid=FfmDWF84rKexIW__AADU HTTP/1.1" 200 4 "http://somehost.com/desk" "Mozilla/5.0 (Windows NT 6.3; WOW64) AppleWebKit/537.36 (KHTML, like Gecko) Chrome/48.0.2564.116 Safari/537.36"
178.250.62.30 - - [14/Mar/2016:15:11:26 +0200] "POST /socket.io/?EIO=3&transport=polling&t=1457961085965-51&sid=FfmDWF84rKexIW__AADU HTTP/1.1" 200 2 "http://somehost.com/desk" "Mozilla/5.0 (Windows NT 6.3; WOW64) AppleWebKit/537.36 (KHTML, like Gecko) Chrome/48.0.2564.116 Safari/537.36"
178.250.62.30 - - [14/Mar/2016:15:11:40 +0200] "GET /?stats=%5B%22_user_tags%22%2C%22status%22%5D&doctype=Quotation&cmd=frappe.desk.reportview.get_stats&_=1457960532547 HTTP/1.1" 200 83 "http://somehost.com/desk" "Mozilla/5.0 (Windows NT 6.3; WOW64) AppleWebKit/537.36 (KHTML, like Gecko) Chrome/48.0.2564.116 Safari/537.36"
178.250.62.30 - - [14/Mar/2016:15:11:40 +0200] "GET /?limit_start=0&limit_page_length=20&doctype=Quotation&fields=%5B%22%60tabQuotation%60.%60name%60%22%2C%22%60tabQuotation%60.%60owner%60%22%2C%22%60tabQuotation%60.%60docstatus%60%22%2C%22%60tabQuotation%60.%60_user_tags%60%22%2C%22%60tabQuotation%60.%60_comments%60%22%2C%22%60tabQuotation%60.%60modified%60%22%2C%22%60tabQuotation%60.%60modified_by%60%22%2C%22%60tabQuotation%60.%60_assign%60%22%2C%22%60tabQuotation%60.%60_liked_by%60%22%2C%22%60tabQuotation%60.%60title%60%22%2C%22%60tabQuotation%60.%60grand_total%60%22%2C%22%60tabQuotation%60.%60currency%60%22%2C%22%60tabQuotation%60.%60status%60%22%2C%22%60tabQuotation%60.customer_name%22%2C%22%60tabQuotation%60.base_grand_total%22%2C%22%60tabQuotation%60.status%22%2C%22%60tabQuotation%60.company%22%2C%22%60tabQuotation%60.currency%22%5D&filters=%5B%5B%22Quotation%22%2C%22docstatus%22%2C%22%3D%22%2C%220%22%5D%5D&with_comment_count=true&cmd=frappe.desk.reportview.get&_=1457960532548 HTTP/1.1" 200 3517 "http://somehost.com/desk" "Mozilla/5.0 (Windows NT 6.3; WOW64) AppleWebKit/537.36 (KHTML, like Gecko) Chrome/48.0.2564.116 Safari/537.36"
141.170.240.20 - - [14/Mar/2016:15:11:42 +0200] "GET /socket.io/?EIO=3&transport=polling&t=1457961067439-5301&sid=PnjLqvTRz23llV5_AADT HTTP/1.1" 200 4 "http://somehost.com/desk" "Mozilla/5.0 (Macintosh; Intel Mac OS X 10_11_3) AppleWebKit/537.36 (KHTML, like Gecko) Chrome/48.0.2564.116 Safari/537.36"
141.170.240.20 - - [14/Mar/2016:15:11:42 +0200] "POST /socket.io/?EIO=3&transport=polling&t=1457961102036-5302&sid=PnjLqvTRz23llV5_AADT HTTP/1.1" 200 2 "http://somehost.com/desk" "Mozilla/5.0 (Macintosh; Intel Mac OS X 10_11_3) AppleWebKit/537.36 (KHTML, like Gecko) Chrome/48.0.2564.116 Safari/537.36"
178.250.62.30 - - [14/Mar/2016:15:11:42 +0200] "GET /?company=ENIP&date=2016-03-14&verbose=0&cmd=erpnext.accounts.utils.get_fiscal_year&_=1457960532549 HTTP/1.1" 200 46 "http://somehost.com/desk" "Mozilla/5.0 (Windows NT 6.3; WOW64) AppleWebKit/537.36 (KHTML, like Gecko) Chrome/48.0.2564.116 Safari/537.36"
178.250.62.30 - - [14/Mar/2016:15:11:43 +0200] "POST / HTTP/1.1" 200 2 "http://somehost.com/desk" "Mozilla/5.0 (Windows NT 6.3; WOW64) AppleWebKit/537.36 (KHTML, like Gecko) Chrome/48.0.2564.116 Safari/537.36"
178.250.62.30 - - [14/Mar/2016:15:11:43 +0200] "POST / HTTP/1.1" 200 90 "http://somehost.com/desk" "Mozilla/5.0 (Windows NT 6.3; WOW64) AppleWebKit/537.36 (KHTML, like Gecko) Chrome/48.0.2564.116 Safari/537.36"
178.250.62.30 - - [14/Mar/2016:15:11:43 +0200] "GET /?value=ENIP&options=Company&fetch=&cmd=frappe.desk.form.utils.validate_link&_=1457960532550 HTTP/1.1" 200 37 "http://somehost.com/desk" "Mozilla/5.0 (Windows NT 6.3; WOW64) AppleWebKit/537.36 (KHTML, like Gecko) Chrome/48.0.2564.116 Safari/537.36"
178.250.62.30 - - [14/Mar/2016:15:11:43 +0200] "GET /?value=CHF&options=Currency&fetch=&cmd=frappe.desk.form.utils.validate_link&_=1457960532551 HTTP/1.1" 200 36 "http://somehost.com/desk" "Mozilla/5.0 (Windows NT 6.3; WOW64) AppleWebKit/537.36 (KHTML, like Gecko) Chrome/48.0.2564.116 Safari/537.36"
178.250.62.30 - - [14/Mar/2016:15:11:43 +0200] "GET /?value=Standard+Selling&options=Price+List&fetch=&cmd=frappe.desk.form.utils.validate_link&_=1457960532552 HTTP/1.1" 200 49 "http://somehost.com/desk" "Mozilla/5.0 (Windows NT 6.3; WOW64) AppleWebKit/537.36 (KHTML, like Gecko) Chrome/48.0.2564.116 Safari/537.36"
178.250.62.30 - - [14/Mar/2016:15:11:43 +0200] "GET /?value=CHF&options=Currency&fetch=&cmd=frappe.desk.form.utils.validate_link&_=1457960532553 HTTP/1.1" 200 36 "http://somehost.com/desk" "Mozilla/5.0 (Windows NT 6.3; WOW64) AppleWebKit/537.36 (KHTML, like Gecko) Chrome/48.0.2564.116 Safari/537.36"
178.250.62.30 - - [14/Mar/2016:15:11:43 +0200] "GET /?value=Allgemeine+Gesch%C3%A4ftsbedingungen+(AGB)+f%C3%BCr+Verkauf%2C+Optimierung+und+Service&options=Terms+and+Conditions&fetch=&cmd=frappe.desk.form.utils.validate_link&_=1457960532554 HTTP/1.1" 200 117 "http://somehost.com/desk" "Mozilla/5.0 (Windows NT 6.3; WOW64) AppleWebKit/537.36 (KHTML, like Gecko) Chrome/48.0.2564.116 Safari/537.36"
178.250.62.30 - - [14/Mar/2016:15:11:43 +0200] "GET /?value=2016&options=Fiscal+Year&fetch=&cmd=frappe.desk.form.utils.validate_link&_=1457960532556 HTTP/1.1" 200 37 "http://somehost.com/desk" "Mozilla/5.0 (Windows NT 6.3; WOW64) AppleWebKit/537.36 (KHTML, like Gecko) Chrome/48.0.2564.116 Safari/537.36"
178.250.62.30 - - [14/Mar/2016:15:11:43 +0200] "GET /?value=ENIP+Default&options=Letter+Head&fetch=&cmd=frappe.desk.form.utils.validate_link&_=1457960532555 HTTP/1.1" 200 45 "http://somehost.com/desk" "Mozilla/5.0 (Windows NT 6.3; WOW64) AppleWebKit/537.36 (KHTML, like Gecko) Chrome/48.0.2564.116 Safari/537.36"
178.250.62.30 - - [14/Mar/2016:15:11:43 +0200] "GET /?company=ENIP&date=2016-03-14&verbose=0&cmd=erpnext.accounts.utils.get_fiscal_year&_=1457960532557 HTTP/1.1" 200 46 "http://somehost.com/desk" "Mozilla/5.0 (Windows NT 6.3; WOW64) AppleWebKit/537.36 (KHTML, like Gecko) Chrome/48.0.2564.116 Safari/537.36"
178.250.62.30 - - [14/Mar/2016:15:11:43 +0200] "POST / HTTP/1.1" 200 90 "http://somehost.com/desk" "Mozilla/5.0 (Windows NT 6.3; WOW64) AppleWebKit/537.36 (KHTML, like Gecko) Chrome/48.0.2564.116 Safari/537.36"
178.250.62.30 - - [14/Mar/2016:15:11:43 +0200] "POST / HTTP/1.1" 200 90 "http://somehost.com/desk" "Mozilla/5.0 (Windows NT 6.3; WOW64) AppleWebKit/537.36 (KHTML, like Gecko) Chrome/48.0.2564.116 Safari/537.36"
178.250.62.30 - - [14/Mar/2016:15:11:43 +0200] "POST / HTTP/1.1" 200 90 "http://somehost.com/desk" "Mozilla/5.0 (Windows NT 6.3; WOW64) AppleWebKit/537.36 (KHTML, like Gecko) Chrome/48.0.2564.116 Safari/537.36"
178.250.62.30 - - [14/Mar/2016:15:11:43 +0200] "POST / HTTP/1.1" 200 42389 "http://somehost.com/desk" "Mozilla/5.0 (Windows NT 6.3; WOW64) AppleWebKit/537.36 (KHTML, like Gecko) Chrome/48.0.2564.116 Safari/537.36"
178.250.62.30 - - [14/Mar/2016:15:11:43 +0200] "POST / HTTP/1.1" 200 518 "http://somehost.com/desk" "Mozilla/5.0 (Windows NT 6.3; WOW64) AppleWebKit/537.36 (KHTML, like Gecko) Chrome/48.0.2564.116 Safari/537.36"
178.250.62.30 - - [14/Mar/2016:15:11:43 +0200] "POST / HTTP/1.1" 200 90 "http://somehost.com/desk" "Mozilla/5.0 (Windows NT 6.3; WOW64) AppleWebKit/537.36 (KHTML, like Gecko) Chrome/48.0.2564.116 Safari/537.36"
178.250.62.30 - - [14/Mar/2016:15:11:43 +0200] "GET /?txt=&doctype=Customer&query=erpnext.controllers.queries.customer_query&cmd=frappe.desk.search.search_link&_=1457960532558 HTTP/1.1" 200 1605 "http://somehost.com/desk" "Mozilla/5.0 (Windows NT 6.3; WOW64) AppleWebKit/537.36 (KHTML, like Gecko) Chrome/48.0.2564.116 Safari/537.36"
178.250.62.30 - - [14/Mar/2016:15:11:47 +0200] "GET /?txt=A&doctype=Customer&query=erpnext.controllers.queries.customer_query&cmd=frappe.desk.search.search_link&_=1457960532559 HTTP/1.1" 200 1725 "http://somehost.com/desk" "Mozilla/5.0 (Windows NT 6.3; WOW64) AppleWebKit/537.36 (KHTML, like Gecko) Chrome/48.0.2564.116 Safari/537.36"
178.250.62.30 - - [14/Mar/2016:15:11:48 +0200] "GET /?txt=Amman&doctype=Customer&query=erpnext.controllers.queries.customer_query&cmd=frappe.desk.search.search_link&_=1457960532560 HTTP/1.1" 200 96 "http://somehost.com/desk" "Mozilla/5.0 (Windows NT 6.3; WOW64) AppleWebKit/537.36 (KHTML, like Gecko) Chrome/48.0.2564.116 Safari/537.36"
178.250.62.30 - - [14/Mar/2016:15:11:49 +0200] "GET /?value=KND-101470&options=Customer&fetch=&cmd=frappe.desk.form.utils.validate_link&_=1457960532561 HTTP/1.1" 200 43 "http://somehost.com/desk" "Mozilla/5.0 (Windows NT 6.3; WOW64) AppleWebKit/537.36 (KHTML, like Gecko) Chrome/48.0.2564.116 Safari/537.36"
178.250.62.30 - - [14/Mar/2016:15:11:49 +0200] "POST / HTTP/1.1" 200 669 "http://somehost.com/desk" "Mozilla/5.0 (Windows NT 6.3; WOW64) AppleWebKit/537.36 (KHTML, like Gecko) Chrome/48.0.2564.116 Safari/537.36"
178.250.62.30 - - [14/Mar/2016:15:11:51 +0200] "GET /socket.io/?EIO=3&transport=polling&t=1457961086035-52&sid=FfmDWF84rKexIW__AADU HTTP/1.1" 200 4 "http://somehost.com/desk" "Mozilla/5.0 (Windows NT 6.3; WOW64) AppleWebKit/537.36 (KHTML, like Gecko) Chrome/48.0.2564.116 Safari/537.36"
178.250.62.30 - - [14/Mar/2016:15:11:51 +0200] "POST /socket.io/?EIO=3&transport=polling&t=1457961111041-53&sid=FfmDWF84rKexIW__AADU HTTP/1.1" 200 2 "http://somehost.com/desk" "Mozilla/5.0 (Windows NT 6.3; WOW64) AppleWebKit/537.36 (KHTML, like Gecko) Chrome/48.0.2564.116 Safari/537.36"
178.250.62.30 - - [14/Mar/2016:15:12:13 +0200] "POST / HTTP/1.1" 200 518 "http://somehost.com/desk" "Mozilla/5.0 (Windows NT 6.3; WOW64) AppleWebKit/537.36 (KHTML, like Gecko) Chrome/48.0.2564.116 Safari/537.36"
178.250.62.30 - - [14/Mar/2016:15:12:16 +0200] "GET /socket.io/?EIO=3&transport=polling&t=1457961111103-54&sid=FfmDWF84rKexIW__AADU HTTP/1.1" 200 4 "http://somehost.com/desk" "Mozilla/5.0 (Windows NT 6.3; WOW64) AppleWebKit/537.36 (KHTML, like Gecko) Chrome/48.0.2564.116 Safari/537.36"
178.250.62.30 - - [14/Mar/2016:15:12:16 +0200] "POST /socket.io/?EIO=3&transport=polling&t=1457961136123-55&sid=FfmDWF84rKexIW__AADU HTTP/1.1" 200 2 "http://somehost.com/desk" "Mozilla/5.0 (Windows NT 6.3; WOW64) AppleWebKit/537.36 (KHTML, like Gecko) Chrome/48.0.2564.116 Safari/537.36"
141.170.240.20 - - [14/Mar/2016:15:12:24 +0200] "GET /socket.io/?EIO=3&transport=polling&t=1457961102125-5303&sid=PnjLqvTRz23llV5_AADT HTTP/1.1" 200 4 "http://somehost.com/desk" "Mozilla/5.0 (Macintosh; Intel Mac OS X 10_11_3) AppleWebKit/537.36 (KHTML, like Gecko) Chrome/48.0.2564.116 Safari/537.36"
141.170.240.20 - - [14/Mar/2016:15:12:24 +0200] "POST /socket.io/?EIO=3&transport=polling&t=1457961144773-5304&sid=PnjLqvTRz23llV5_AADT HTTP/1.1" 200 2 "http://somehost.com/desk" "Mozilla/5.0 (Macintosh; Intel Mac OS X 10_11_3) AppleWebKit/537.36 (KHTML, like Gecko) Chrome/48.0.2564.116 Safari/537.36"
178.250.62.30 - - [14/Mar/2016:15:12:31 +0200] "GET /?doctype=Address&with_parent=1&cached_timestamp=&cmd=frappe.desk.form.load.getdoctype&_=1457960532562 HTTP/1.1" 200 24268 "http://somehost.com/desk" "Mozilla/5.0 (Windows NT 6.3; WOW64) AppleWebKit/537.36 (KHTML, like Gecko) Chrome/48.0.2564.116 Safari/537.36"
178.250.62.30 - - [14/Mar/2016:15:12:31 +0200] "GET /?doctype=Address&name=KND-101470-Office&cmd=frappe.desk.form.load.getdoc&_=1457960532563 HTTP/1.1" 200 826 "http://somehost.com/desk" "Mozilla/5.0 (Windows NT 6.3; WOW64) AppleWebKit/537.36 (KHTML, like Gecko) Chrome/48.0.2564.116 Safari/537.36"
178.250.62.30 - - [14/Mar/2016:15:12:31 +0200] "POST /socket.io/?EIO=3&transport=polling&t=1457961151542-57&sid=FfmDWF84rKexIW__AADU HTTP/1.1" 200 2 "http://somehost.com/desk" "Mozilla/5.0 (Windows NT 6.3; WOW64) AppleWebKit/537.36 (KHTML, like Gecko) Chrome/48.0.2564.116 Safari/537.36"
178.250.62.30 - - [14/Mar/2016:15:12:31 +0200] "POST /socket.io/?EIO=3&transport=polling&t=1457961151612-58&sid=FfmDWF84rKexIW__AADU HTTP/1.1" 200 2 "http://somehost.com/desk" "Mozilla/5.0 (Windows NT 6.3; WOW64) AppleWebKit/537.36 (KHTML, like Gecko) Chrome/48.0.2564.116 Safari/537.36"
178.250.62.30 - - [14/Mar/2016:15:12:31 +0200] "GET /socket.io/?EIO=3&transport=polling&t=1457961136185-56&sid=FfmDWF84rKexIW__AADU HTTP/1.1" 200 110 "http://somehost.com/desk" "Mozilla/5.0 (Windows NT 6.3; WOW64) AppleWebKit/537.36 (KHTML, like Gecko) Chrome/48.0.2564.116 Safari/537.36"
93.77.255.165 - - [14/Mar/2016:15:12:31 +0200] "GET /api/method/frappe.async.can_subscribe_doc HTTP/1.1" 200 16 "-" "node-superagent/1.6.1"
93.77.255.165 - - [14/Mar/2016:15:12:32 +0200] "GET /api/method/frappe.async.can_subscribe_doc HTTP/1.1" 200 16 "-" "node-superagent/1.6.1"
178.250.62.30 - - [14/Mar/2016:15:12:35 +0200] "GET /socket.io/?EIO=3&transport=polling&t=1457961151865-59&sid=FfmDWF84rKexIW__AADU HTTP/1.1" 200 110 "http://somehost.com/desk" "Mozilla/5.0 (Windows NT 6.3; WOW64) AppleWebKit/537.36 (KHTML, like Gecko) Chrome/48.0.2564.116 Safari/537.36"
141.170.240.20 - - [14/Mar/2016:15:12:35 +0200] "GET /socket.io/?EIO=3&transport=polling&t=1457961144860-5305&sid=PnjLqvTRz23llV5_AADT HTTP/1.1" 200 43 "http://somehost.com/desk" "Mozilla/5.0 (Macintosh; Intel Mac OS X 10_11_3) AppleWebKit/537.36 (KHTML, like Gecko) Chrome/48.0.2564.116 Safari/537.36"
178.250.62.30 - - [14/Mar/2016:15:12:35 +0200] "POST / HTTP/1.1" 200 1029 "http://somehost.com/desk" "Mozilla/5.0 (Windows NT 6.3; WOW64) AppleWebKit/537.36 (KHTML, like Gecko) Chrome/48.0.2564.116 Safari/537.36"
178.250.62.30 - - [14/Mar/2016:15:12:35 +0200] "GET /socket.io/?EIO=3&transport=polling&t=1457961155313-60&sid=FfmDWF84rKexIW__AADU HTTP/1.1" 200 43 "http://somehost.com/desk" "Mozilla/5.0 (Windows NT 6.3; WOW64) AppleWebKit/537.36 (KHTML, like Gecko) Chrome/48.0.2564.116 Safari/537.36"
178.250.62.30 - - [14/Mar/2016:15:12:35 +0200] "POST /socket.io/?EIO=3&transport=polling&t=1457961155379-61&sid=FfmDWF84rKexIW__AADU HTTP/1.1" 200 2 "http://somehost.com/desk" "Mozilla/5.0 (Windows NT 6.3; WOW64) AppleWebKit/537.36 (KHTML, like Gecko) Chrome/48.0.2564.116 Safari/537.36"
178.250.62.30 - - [14/Mar/2016:15:12:35 +0200] "GET /socket.io/?EIO=3&transport=polling&t=1457961155412-62&sid=FfmDWF84rKexIW__AADU HTTP/1.1" 200 110 "http://somehost.com/desk" "Mozilla/5.0 (Windows NT 6.3; WOW64) AppleWebKit/537.36 (KHTML, like Gecko) Chrome/48.0.2564.116 Safari/537.36"
93.77.255.165 - - [14/Mar/2016:15:12:35 +0200] "GET /api/method/frappe.async.can_subscribe_doc HTTP/1.1" 200 16 "-" "node-superagent/1.6.1"
178.250.62.30 - - [14/Mar/2016:15:12:41 +0200] "GET /socket.io/?EIO=3&transport=polling&t=1457961155678-63&sid=FfmDWF84rKexIW__AADU HTTP/1.1" 200 4 "http://somehost.com/desk" "Mozilla/5.0 (Windows NT 6.3; WOW64) AppleWebKit/537.36 (KHTML, like Gecko) Chrome/48.0.2564.116 Safari/537.36"
178.250.62.30 - - [14/Mar/2016:15:12:41 +0200] "POST /socket.io/?EIO=3&transport=polling&t=1457961161207-64&sid=FfmDWF84rKexIW__AADU HTTP/1.1" 200 2 "http://somehost.com/desk" "Mozilla/5.0 (Windows NT 6.3; WOW64) AppleWebKit/537.36 (KHTML, like Gecko) Chrome/48.0.2564.116 Safari/537.36"
178.250.62.30 - - [14/Mar/2016:15:12:41 +0200] "GET /?stats=%5B%22_user_tags%22%5D&doctype=Address&cmd=frappe.desk.reportview.get_stats&_=1457960532564 HTTP/1.1" 200 2 "http://somehost.com/desk" "Mozilla/5.0 (Windows NT 6.3; WOW64) AppleWebKit/537.36 (KHTML, like Gecko) Chrome/48.0.2564.116 Safari/537.36"
178.250.62.30 - - [14/Mar/2016:15:12:41 +0200] "GET /?limit_start=0&limit_page_length=20&doctype=Address&fields=%5B%22%60tabAddress%60.%60name%60%22%2C%22%60tabAddress%60.%60owner%60%22%2C%22%60tabAddress%60.%60docstatus%60%22%2C%22%60tabAddress%60.%60_user_tags%60%22%2C%22%60tabAddress%60.%60_comments%60%22%2C%22%60tabAddress%60.%60modified%60%22%2C%22%60tabAddress%60.%60modified_by%60%22%2C%22%60tabAddress%60.%60_assign%60%22%2C%22%60tabAddress%60.%60_liked_by%60%22%2C%22%60tabAddress%60.%60address_line1%60%22%2C%22%60tabAddress%60.%60city%60%22%2C%22%60tabAddress%60.%60pincode%60%22%5D&filters=%5B%5D&with_comment_count=true&cmd=frappe.desk.reportview.get&_=1457960532565 HTTP/1.1" 200 2755 "http://somehost.com/desk" "Mozilla/5.0 (Windows NT 6.3; WOW64) AppleWebKit/537.36 (KHTML, like Gecko) Chrome/48.0.2564.116 Safari/537.36"
178.250.62.30 - - [14/Mar/2016:15:12:41 +0200] "POST /socket.io/?EIO=3&transport=polling&t=1457961161374-65&sid=FfmDWF84rKexIW__AADU HTTP/1.1" 200 2 "http://somehost.com/desk" "Mozilla/5.0 (Windows NT 6.3; WOW64) AppleWebKit/537.36 (KHTML, like Gecko) Chrome/48.0.2564.116 Safari/537.36"
178.250.62.30 - - [14/Mar/2016:15:12:41 +0200] "GET /?stats=%5B%22_user_tags%22%5D&doctype=Address&cmd=frappe.desk.reportview.get_stats&_=1457960532566 HTTP/1.1" 200 2 "http://somehost.com/desk" "Mozilla/5.0 (Windows NT 6.3; WOW64) AppleWebKit/537.36 (KHTML, like Gecko) Chrome/48.0.2564.116 Safari/537.36"
178.250.62.30 - - [14/Mar/2016:15:12:43 +0200] "POST / HTTP/1.1" 200 518 "http://somehost.com/desk" "Mozilla/5.0 (Windows NT 6.3; WOW64) AppleWebKit/537.36 (KHTML, like Gecko) Chrome/48.0.2564.116 Safari/537.36"
178.250.62.30 - - [14/Mar/2016:15:12:53 +0200] "POST /socket.io/?EIO=3&transport=polling&t=1457961172923-67&sid=FfmDWF84rKexIW__AADU HTTP/1.1" 200 2 "http://somehost.com/desk" "Mozilla/5.0 (Windows NT 6.3; WOW64) AppleWebKit/537.36 (KHTML, like Gecko) Chrome/48.0.2564.116 Safari/537.36"
93.77.255.165 - - [14/Mar/2016:15:12:53 +0200] "GET /api/method/frappe.async.can_subscribe_doc HTTP/1.1" 200 16 "-" "node-superagent/1.6.1"
178.250.62.30 - - [14/Mar/2016:15:12:53 +0200] "GET /socket.io/?EIO=3&transport=polling&t=1457961161376-66&sid=FfmDWF84rKexIW__AADU HTTP/1.1" 200 110 "http://somehost.com/desk" "Mozilla/5.0 (Windows NT 6.3; WOW64) AppleWebKit/537.36 (KHTML, like Gecko) Chrome/48.0.2564.116 Safari/537.36"
178.250.62.30 - - [14/Mar/2016:15:12:57 +0200] "GET /socket.io/?EIO=3&transport=polling&t=1457961173290-68&sid=FfmDWF84rKexIW__AADU HTTP/1.1" 200 110 "http://somehost.com/desk" "Mozilla/5.0 (Windows NT 6.3; WOW64) AppleWebKit/537.36 (KHTML, like Gecko) Chrome/48.0.2564.116 Safari/537.36"
141.170.240.20 - - [14/Mar/2016:15:12:57 +0200] "GET /socket.io/?EIO=3&transport=polling&t=1457961155360-5306&sid=PnjLqvTRz23llV5_AADT HTTP/1.1" 200 43 "http://somehost.com/desk" "Mozilla/5.0 (Macintosh; Intel Mac OS X 10_11_3) AppleWebKit/537.36 (KHTML, like Gecko) Chrome/48.0.2564.116 Safari/537.36"
178.250.62.30 - - [14/Mar/2016:15:12:57 +0200] "POST / HTTP/1.1" 200 1029 "http://somehost.com/desk" "Mozilla/5.0 (Windows NT 6.3; WOW64) AppleWebKit/537.36 (KHTML, like Gecko) Chrome/48.0.2564.116 Safari/537.36"
141.170.240.20 - - [14/Mar/2016:15:12:57 +0200] "POST /socket.io/?EIO=3&transport=polling&t=1457961177386-5307&sid=PnjLqvTRz23llV5_AADT HTTP/1.1" 200 2 "http://somehost.com/desk" "Mozilla/5.0 (Macintosh; Intel Mac OS X 10_11_3) AppleWebKit/537.36 (KHTML, like Gecko) Chrome/48.0.2564.116 Safari/537.36"
178.250.62.30 - - [14/Mar/2016:15:12:57 +0200] "GET /socket.io/?EIO=3&transport=polling&t=1457961177330-69&sid=FfmDWF84rKexIW__AADU HTTP/1.1" 200 43 "http://somehost.com/desk" "Mozilla/5.0 (Windows NT 6.3; WOW64) AppleWebKit/537.36 (KHTML, like Gecko) Chrome/48.0.2564.116 Safari/537.36"
141.170.240.20 - - [14/Mar/2016:15:12:57 +0200] "GET /socket.io/?EIO=3&transport=polling&t=1457961177387-5308&sid=PnjLqvTRz23llV5_AADT HTTP/1.1" 200 4 "http://somehost.com/desk" "Mozilla/5.0 (Macintosh; Intel Mac OS X 10_11_3) AppleWebKit/537.36 (KHTML, like Gecko) Chrome/48.0.2564.116 Safari/537.36"
178.250.62.30 - - [14/Mar/2016:15:12:57 +0200] "POST /socket.io/?EIO=3&transport=polling&t=1457961177416-70&sid=FfmDWF84rKexIW__AADU HTTP/1.1" 200 2 "http://somehost.com/desk" "Mozilla/5.0 (Windows NT 6.3; WOW64) AppleWebKit/537.36 (KHTML, like Gecko) Chrome/48.0.2564.116 Safari/537.36"
178.250.62.30 - - [14/Mar/2016:15:12:57 +0200] "GET /socket.io/?EIO=3&transport=polling&t=1457961177448-71&sid=FfmDWF84rKexIW__AADU HTTP/1.1" 200 110 "http://somehost.com/desk" "Mozilla/5.0 (Windows NT 6.3; WOW64) AppleWebKit/537.36 (KHTML, like Gecko) Chrome/48.0.2564.116 Safari/537.36"
93.77.255.165 - - [14/Mar/2016:15:12:57 +0200] "GET /api/method/frappe.async.can_subscribe_doc HTTP/1.1" 200 16 "-" "node-superagent/1.6.1"
178.250.62.30 - - [14/Mar/2016:15:12:59 +0200] "GET /socket.io/?EIO=3&transport=polling&t=1457961177794-72&sid=FfmDWF84rKexIW__AADU HTTP/1.1" 200 110 "http://somehost.com/desk" "Mozilla/5.0 (Windows NT 6.3; WOW64) AppleWebKit/537.36 (KHTML, like Gecko) Chrome/48.0.2564.116 Safari/537.36"
141.170.240.20 - - [14/Mar/2016:15:12:59 +0200] "GET /socket.io/?EIO=3&transport=polling&t=1457961177471-5309&sid=PnjLqvTRz23llV5_AADT HTTP/1.1" 200 43 "http://somehost.com/desk" "Mozilla/5.0 (Macintosh; Intel Mac OS X 10_11_3) AppleWebKit/537.36 (KHTML, like Gecko) Chrome/48.0.2564.116 Safari/537.36"
178.250.62.30 - - [14/Mar/2016:15:12:59 +0200] "POST / HTTP/1.1" 200 1029 "http://somehost.com/desk" "Mozilla/5.0 (Windows NT 6.3; WOW64) AppleWebKit/537.36 (KHTML, like Gecko) Chrome/48.0.2564.116 Safari/537.36"
178.250.62.30 - - [14/Mar/2016:15:12:59 +0200] "GET /socket.io/?EIO=3&transport=polling&t=1457961179247-73&sid=FfmDWF84rKexIW__AADU HTTP/1.1" 200 43 "http://somehost.com/desk" "Mozilla/5.0 (Windows NT 6.3; WOW64) AppleWebKit/537.36 (KHTML, like Gecko) Chrome/48.0.2564.116 Safari/537.36"
178.250.62.30 - - [14/Mar/2016:15:12:59 +0200] "POST /socket.io/?EIO=3&transport=polling&t=1457961179280-74&sid=FfmDWF84rKexIW__AADU HTTP/1.1" 200 2 "http://somehost.com/desk" "Mozilla/5.0 (Windows NT 6.3; WOW64) AppleWebKit/537.36 (KHTML, like Gecko) Chrome/48.0.2564.116 Safari/537.36"
178.250.62.30 - - [14/Mar/2016:15:12:59 +0200] "GET /socket.io/?EIO=3&transport=polling&t=1457961179316-75&sid=FfmDWF84rKexIW__AADU HTTP/1.1" 200 110 "http://somehost.com/desk" "Mozilla/5.0 (Windows NT 6.3; WOW64) AppleWebKit/537.36 (KHTML, like Gecko) Chrome/48.0.2564.116 Safari/537.36"
93.77.255.165 - - [14/Mar/2016:15:12:59 +0200] "GET /api/method/frappe.async.can_subscribe_doc HTTP/1.1" 200 16 "-" "node-superagent/1.6.1"
178.250.62.30 - - [14/Mar/2016:15:13:00 +0200] "GET /socket.io/?EIO=3&transport=polling&t=1457961179611-76&sid=FfmDWF84rKexIW__AADU HTTP/1.1" 200 110 "http://somehost.com/desk" "Mozilla/5.0 (Windows NT 6.3; WOW64) AppleWebKit/537.36 (KHTML, like Gecko) Chrome/48.0.2564.116 Safari/537.36"
141.170.240.20 - - [14/Mar/2016:15:13:00 +0200] "GET /socket.io/?EIO=3&transport=polling&t=1457961179278-5310&sid=PnjLqvTRz23llV5_AADT HTTP/1.1" 200 43 "http://somehost.com/desk" "Mozilla/5.0 (Macintosh; Intel Mac OS X 10_11_3) AppleWebKit/537.36 (KHTML, like Gecko) Chrome/48.0.2564.116 Safari/537.36"
178.250.62.30 - - [14/Mar/2016:15:13:00 +0200] "POST / HTTP/1.1" 200 1029 "http://somehost.com/desk" "Mozilla/5.0 (Windows NT 6.3; WOW64) AppleWebKit/537.36 (KHTML, like Gecko) Chrome/48.0.2564.116 Safari/537.36"
178.250.62.30 - - [14/Mar/2016:15:13:00 +0200] "POST /socket.io/?EIO=3&transport=polling&t=1457961180437-77&sid=FfmDWF84rKexIW__AADU HTTP/1.1" 200 2 "http://somehost.com/desk" "Mozilla/5.0 (Windows NT 6.3; WOW64) AppleWebKit/537.36 (KHTML, like Gecko) Chrome/48.0.2564.116 Safari/537.36"
178.250.62.30 - - [14/Mar/2016:15:13:00 +0200] "GET /socket.io/?EIO=3&transport=polling&t=1457961180449-78&sid=FfmDWF84rKexIW__AADU HTTP/1.1" 200 43 "http://somehost.com/desk" "Mozilla/5.0 (Windows NT 6.3; WOW64) AppleWebKit/537.36 (KHTML, like Gecko) Chrome/48.0.2564.116 Safari/537.36"
178.250.62.30 - - [14/Mar/2016:15:13:00 +0200] "GET /socket.io/?EIO=3&transport=polling&t=1457961180510-79&sid=FfmDWF84rKexIW__AADU HTTP/1.1" 200 110 "http://somehost.com/desk" "Mozilla/5.0 (Windows NT 6.3; WOW64) AppleWebKit/537.36 (KHTML, like Gecko) Chrome/48.0.2564.116 Safari/537.36"
93.77.255.165 - - [14/Mar/2016:15:13:00 +0200] "GET /api/method/frappe.async.can_subscribe_doc HTTP/1.1" 200 16 "-" "node-superagent/1.6.1"
178.250.62.30 - - [14/Mar/2016:15:13:06 +0200] "GET /socket.io/?EIO=3&transport=polling&t=1457961180712-80&sid=FfmDWF84rKexIW__AADU HTTP/1.1" 200 4 "http://somehost.com/desk" "Mozilla/5.0 (Windows NT 6.3; WOW64) AppleWebKit/537.36 (KHTML, like Gecko) Chrome/48.0.2564.116 Safari/537.36"
178.250.62.30 - - [14/Mar/2016:15:13:06 +0200] "POST /socket.io/?EIO=3&transport=polling&t=1457961186369-81&sid=FfmDWF84rKexIW__AADU HTTP/1.1" 200 2 "http://somehost.com/desk" "Mozilla/5.0 (Windows NT 6.3; WOW64) AppleWebKit/537.36 (KHTML, like Gecko) Chrome/48.0.2564.116 Safari/537.36"
141.170.240.20 - - [14/Mar/2016:15:13:08 +0200] "-" 400 0 "-" "-"
178.250.62.30 - - [14/Mar/2016:15:13:11 +0200] "POST /socket.io/?EIO=3&transport=polling&t=1457961191702-83&sid=FfmDWF84rKexIW__AADU HTTP/1.1" 200 2 "http://somehost.com/desk" "Mozilla/5.0 (Windows NT 6.3; WOW64) AppleWebKit/537.36 (KHTML, like Gecko) Chrome/48.0.2564.116 Safari/537.36"
178.250.62.30 - - [14/Mar/2016:15:13:13 +0200] "POST / HTTP/1.1" 200 518 "http://somehost.com/desk" "Mozilla/5.0 (Windows NT 6.3; WOW64) AppleWebKit/537.36 (KHTML, like Gecko) Chrome/48.0.2564.116 Safari/537.36"
178.250.62.30 - - [14/Mar/2016:15:13:13 +0200] "GET /?stats=%5B%22_user_tags%22%2C%22status%22%5D&doctype=Quotation&cmd=frappe.desk.reportview.get_stats&_=1457960532567 HTTP/1.1" 200 83 "http://somehost.com/desk" "Mozilla/5.0 (Windows NT 6.3; WOW64) AppleWebKit/537.36 (KHTML, like Gecko) Chrome/48.0.2564.116 Safari/537.36"
178.250.62.30 - - [14/Mar/2016:15:13:13 +0200] "GET /?limit_start=0&limit_page_length=20&doctype=Quotation&fields=%5B%22%60tabQuotation%60.%60name%60%22%2C%22%60tabQuotation%60.%60owner%60%22%2C%22%60tabQuotation%60.%60docstatus%60%22%2C%22%60tabQuotation%60.%60_user_tags%60%22%2C%22%60tabQuotation%60.%60_comments%60%22%2C%22%60tabQuotation%60.%60modified%60%22%2C%22%60tabQuotation%60.%60modified_by%60%22%2C%22%60tabQuotation%60.%60_assign%60%22%2C%22%60tabQuotation%60.%60_liked_by%60%22%2C%22%60tabQuotation%60.%60title%60%22%2C%22%60tabQuotation%60.%60grand_total%60%22%2C%22%60tabQuotation%60.%60currency%60%22%2C%22%60tabQuotation%60.%60status%60%22%2C%22%60tabQuotation%60.customer_name%22%2C%22%60tabQuotation%60.base_grand_total%22%2C%22%60tabQuotation%60.status%22%2C%22%60tabQuotation%60.company%22%2C%22%60tabQuotation%60.currency%22%5D&filters=%5B%5B%22Quotation%22%2C%22docstatus%22%2C%22%3D%22%2C%220%22%5D%5D&with_comment_count=true&cmd=frappe.desk.reportview.get&_=1457960532568 HTTP/1.1" 200 3517 "http://somehost.com/desk" "Mozilla/5.0 (Windows NT 6.3; WOW64) AppleWebKit/537.36 (KHTML, like Gecko) Chrome/48.0.2564.116 Safari/537.36"
178.250.62.30 - - [14/Mar/2016:15:13:24 +0200] "GET /?stats=%5B%22_user_tags%22%2C%22status%22%5D&doctype=Quotation&cmd=frappe.desk.reportview.get_stats&_=1457960532569 HTTP/1.1" 200 83 "http://somehost.com/desk" "Mozilla/5.0 (Windows NT 6.3; WOW64) AppleWebKit/537.36 (KHTML, like Gecko) Chrome/48.0.2564.116 Safari/537.36"
178.250.62.30 - - [14/Mar/2016:15:13:30 +0200] "GET /?company=ENIP&date=2016-03-14&verbose=0&cmd=erpnext.accounts.utils.get_fiscal_year&_=1457960532570 HTTP/1.1" 200 46 "http://somehost.com/desk" "Mozilla/5.0 (Windows NT 6.3; WOW64) AppleWebKit/537.36 (KHTML, like Gecko) Chrome/48.0.2564.116 Safari/537.36"
178.250.62.30 - - [14/Mar/2016:15:13:30 +0200] "POST / HTTP/1.1" 200 2 "http://somehost.com/desk" "Mozilla/5.0 (Windows NT 6.3; WOW64) AppleWebKit/537.36 (KHTML, like Gecko) Chrome/48.0.2564.116 Safari/537.36"
178.250.62.30 - - [14/Mar/2016:15:13:30 +0200] "POST / HTTP/1.1" 200 90 "http://somehost.com/desk" "Mozilla/5.0 (Windows NT 6.3; WOW64) AppleWebKit/537.36 (KHTML, like Gecko) Chrome/48.0.2564.116 Safari/537.36"
178.250.62.30 - - [14/Mar/2016:15:13:30 +0200] "GET /?value=ENIP&options=Company&fetch=&cmd=frappe.desk.form.utils.validate_link&_=1457960532571 HTTP/1.1" 200 37 "http://somehost.com/desk" "Mozilla/5.0 (Windows NT 6.3; WOW64) AppleWebKit/537.36 (KHTML, like Gecko) Chrome/48.0.2564.116 Safari/537.36"
178.250.62.30 - - [14/Mar/2016:15:13:30 +0200] "GET /?value=CHF&options=Currency&fetch=&cmd=frappe.desk.form.utils.validate_link&_=1457960532572 HTTP/1.1" 200 36 "http://somehost.com/desk" "Mozilla/5.0 (Windows NT 6.3; WOW64) AppleWebKit/537.36 (KHTML, like Gecko) Chrome/48.0.2564.116 Safari/537.36"
178.250.62.30 - - [14/Mar/2016:15:13:30 +0200] "GET /?value=Standard+Selling&options=Price+List&fetch=&cmd=frappe.desk.form.utils.validate_link&_=1457960532573 HTTP/1.1" 200 49 "http://somehost.com/desk" "Mozilla/5.0 (Windows NT 6.3; WOW64) AppleWebKit/537.36 (KHTML, like Gecko) Chrome/48.0.2564.116 Safari/537.36"
178.250.62.30 - - [14/Mar/2016:15:13:30 +0200] "GET /?value=CHF&options=Currency&fetch=&cmd=frappe.desk.form.utils.validate_link&_=1457960532574 HTTP/1.1" 200 36 "http://somehost.com/desk" "Mozilla/5.0 (Windows NT 6.3; WOW64) AppleWebKit/537.36 (KHTML, like Gecko) Chrome/48.0.2564.116 Safari/537.36"
178.250.62.30 - - [14/Mar/2016:15:13:30 +0200] "GET /?value=Allgemeine+Gesch%C3%A4ftsbedingungen+(AGB)+f%C3%BCr+Verkauf%2C+Optimierung+und+Service&options=Terms+and+Conditions&fetch=&cmd=frappe.desk.form.utils.validate_link&_=1457960532575 HTTP/1.1" 200 117 "http://somehost.com/desk" "Mozilla/5.0 (Windows NT 6.3; WOW64) AppleWebKit/537.36 (KHTML, like Gecko) Chrome/48.0.2564.116 Safari/537.36"
178.250.62.30 - - [14/Mar/2016:15:13:30 +0200] "GET /?value=ENIP+Default&options=Letter+Head&fetch=&cmd=frappe.desk.form.utils.validate_link&_=1457960532576 HTTP/1.1" 200 45 "http://somehost.com/desk" "Mozilla/5.0 (Windows NT 6.3; WOW64) AppleWebKit/537.36 (KHTML, like Gecko) Chrome/48.0.2564.116 Safari/537.36"
178.250.62.30 - - [14/Mar/2016:15:13:30 +0200] "GET /?value=2016&options=Fiscal+Year&fetch=&cmd=frappe.desk.form.utils.validate_link&_=1457960532577 HTTP/1.1" 200 37 "http://somehost.com/desk" "Mozilla/5.0 (Windows NT 6.3; WOW64) AppleWebKit/537.36 (KHTML, like Gecko) Chrome/48.0.2564.116 Safari/537.36"
178.250.62.30 - - [14/Mar/2016:15:13:30 +0200] "GET /?company=ENIP&date=2016-03-14&verbose=0&cmd=erpnext.accounts.utils.get_fiscal_year&_=1457960532578 HTTP/1.1" 200 46 "http://somehost.com/desk" "Mozilla/5.0 (Windows NT 6.3; WOW64) AppleWebKit/537.36 (KHTML, like Gecko) Chrome/48.0.2564.116 Safari/537.36"
178.250.62.30 - - [14/Mar/2016:15:13:30 +0200] "POST / HTTP/1.1" 200 90 "http://somehost.com/desk" "Mozilla/5.0 (Windows NT 6.3; WOW64) AppleWebKit/537.36 (KHTML, like Gecko) Chrome/48.0.2564.116 Safari/537.36"
178.250.62.30 - - [14/Mar/2016:15:13:30 +0200] "POST / HTTP/1.1" 200 90 "http://somehost.com/desk" "Mozilla/5.0 (Windows NT 6.3; WOW64) AppleWebKit/537.36 (KHTML, like Gecko) Chrome/48.0.2564.116 Safari/537.36"
178.250.62.30 - - [14/Mar/2016:15:13:30 +0200] "POST / HTTP/1.1" 200 90 "http://somehost.com/desk" "Mozilla/5.0 (Windows NT 6.3; WOW64) AppleWebKit/537.36 (KHTML, like Gecko) Chrome/48.0.2564.116 Safari/537.36"
178.250.62.30 - - [14/Mar/2016:15:13:30 +0200] "POST / HTTP/1.1" 200 42389 "http://somehost.com/desk" "Mozilla/5.0 (Windows NT 6.3; WOW64) AppleWebKit/537.36 (KHTML, like Gecko) Chrome/48.0.2564.116 Safari/537.36"
178.250.62.30 - - [14/Mar/2016:15:13:30 +0200] "POST / HTTP/1.1" 200 90 "http://somehost.com/desk" "Mozilla/5.0 (Windows NT 6.3; WOW64) AppleWebKit/537.36 (KHTML, like Gecko) Chrome/48.0.2564.116 Safari/537.36"
178.250.62.30 - - [14/Mar/2016:15:13:30 +0200] "GET /?txt=&doctype=Customer&query=erpnext.controllers.queries.customer_query&cmd=frappe.desk.search.search_link&_=1457960532579 HTTP/1.1" 200 1605 "http://somehost.com/desk" "Mozilla/5.0 (Windows NT 6.3; WOW64) AppleWebKit/537.36 (KHTML, like Gecko) Chrome/48.0.2564.116 Safari/537.36"
178.250.62.30 - - [14/Mar/2016:15:13:31 +0200] "GET /socket.io/?EIO=3&transport=polling&t=1457961186513-82&sid=FfmDWF84rKexIW__AADU HTTP/1.1" 200 4 "http://somehost.com/desk" "Mozilla/5.0 (Windows NT 6.3; WOW64) AppleWebKit/537.36 (KHTML, like Gecko) Chrome/48.0.2564.116 Safari/537.36"
178.250.62.30 - - [14/Mar/2016:15:13:31 +0200] "POST /socket.io/?EIO=3&transport=polling&t=1457961211519-84&sid=FfmDWF84rKexIW__AADU HTTP/1.1" 200 2 "http://somehost.com/desk" "Mozilla/5.0 (Windows NT 6.3; WOW64) AppleWebKit/537.36 (KHTML, like Gecko) Chrome/48.0.2564.116 Safari/537.36"
178.250.62.30 - - [14/Mar/2016:15:13:34 +0200] "GET /?txt=A&doctype=Customer&query=erpnext.controllers.queries.customer_query&cmd=frappe.desk.search.search_link&_=1457960532580 HTTP/1.1" 200 1725 "http://somehost.com/desk" "Mozilla/5.0 (Windows NT 6.3; WOW64) AppleWebKit/537.36 (KHTML, like Gecko) Chrome/48.0.2564.116 Safari/537.36"
178.250.62.30 - - [14/Mar/2016:15:13:35 +0200] "GET /?txt=Amman&doctype=Customer&query=erpnext.controllers.queries.customer_query&cmd=frappe.desk.search.search_link&_=1457960532581 HTTP/1.1" 200 96 "http://somehost.com/desk" "Mozilla/5.0 (Windows NT 6.3; WOW64) AppleWebKit/537.36 (KHTML, like Gecko) Chrome/48.0.2564.116 Safari/537.36"
178.250.62.30 - - [14/Mar/2016:15:13:37 +0200] "GET /?value=KND-101470&options=Customer&fetch=&cmd=frappe.desk.form.utils.validate_link&_=1457960532582 HTTP/1.1" 200 43 "http://somehost.com/desk" "Mozilla/5.0 (Windows NT 6.3; WOW64) AppleWebKit/537.36 (KHTML, like Gecko) Chrome/48.0.2564.116 Safari/537.36"
178.250.62.30 - - [14/Mar/2016:15:13:37 +0200] "POST / HTTP/1.1" 200 669 "http://somehost.com/desk" "Mozilla/5.0 (Windows NT 6.3; WOW64) AppleWebKit/537.36 (KHTML, like Gecko) Chrome/48.0.2564.116 Safari/537.36"
178.250.62.30 - - [14/Mar/2016:15:13:40 +0200] "GET /?txt=&doctype=Quotation+Contract+Type&cmd=frappe.desk.search.search_link&_=1457960532583 HTTP/1.1" 200 429 "http://somehost.com/desk" "Mozilla/5.0 (Windows NT 6.3; WOW64) AppleWebKit/537.36 (KHTML, like Gecko) Chrome/48.0.2564.116 Safari/537.36"
178.250.62.30 - - [14/Mar/2016:15:13:43 +0200] "POST / HTTP/1.1" 200 518 "http://somehost.com/desk" "Mozilla/5.0 (Windows NT 6.3; WOW64) AppleWebKit/537.36 (KHTML, like Gecko) Chrome/48.0.2564.116 Safari/537.36"
141.170.240.20 - - [14/Mar/2016:15:13:43 +0200] "GET /socket.io/?EIO=3&transport=polling&t=1457961180446-5311&sid=PnjLqvTRz23llV5_AADT HTTP/1.1" 200 4 "http://somehost.com/desk" "Mozilla/5.0 (Macintosh; Intel Mac OS X 10_11_3) AppleWebKit/537.36 (KHTML, like Gecko) Chrome/48.0.2564.116 Safari/537.36"
141.170.240.20 - - [14/Mar/2016:15:13:43 +0200] "POST /socket.io/?EIO=3&transport=polling&t=1457961223437-5312&sid=PnjLqvTRz23llV5_AADT HTTP/1.1" 200 2 "http://somehost.com/desk" "Mozilla/5.0 (Macintosh; Intel Mac OS X 10_11_3) AppleWebKit/537.36 (KHTML, like Gecko) Chrome/48.0.2564.116 Safari/537.36"
178.250.62.30 - - [14/Mar/2016:15:13:50 +0200] "GET /?value=Verkauf+und+Montage&options=Quotation+Contract+Type&fetch=&cmd=frappe.desk.form.utils.validate_link&_=1457960532584 HTTP/1.1" 200 52 "http://somehost.com/desk" "Mozilla/5.0 (Windows NT 6.3; WOW64) AppleWebKit/537.36 (KHTML, like Gecko) Chrome/48.0.2564.116 Safari/537.36"
178.250.62.30 - - [14/Mar/2016:15:13:50 +0200] "POST / HTTP/1.1" 200 813 "http://somehost.com/desk" "Mozilla/5.0 (Windows NT 6.3; WOW64) AppleWebKit/537.36 (KHTML, like Gecko) Chrome/48.0.2564.116 Safari/537.36"
178.250.62.30 - - [14/Mar/2016:15:13:52 +0200] "GET /?txt=&doctype=Quotation+Specification&cmd=frappe.desk.search.search_link&_=1457960532585 HTTP/1.1" 200 385 "http://somehost.com/desk" "Mozilla/5.0 (Windows NT 6.3; WOW64) AppleWebKit/537.36 (KHTML, like Gecko) Chrome/48.0.2564.116 Safari/537.36"
178.250.62.30 - - [14/Mar/2016:15:13:56 +0200] "GET /?value=K%C3%A4lte&options=Quotation+Specification&fetch=&cmd=frappe.desk.form.utils.validate_link&_=1457960532586 HTTP/1.1" 200 43 "http://somehost.com/desk" "Mozilla/5.0 (Windows NT 6.3; WOW64) AppleWebKit/537.36 (KHTML, like Gecko) Chrome/48.0.2564.116 Safari/537.36"
178.250.62.30 - - [14/Mar/2016:15:13:56 +0200] "GET /socket.io/?EIO=3&transport=polling&t=1457961211584-85&sid=FfmDWF84rKexIW__AADU HTTP/1.1" 200 4 "http://somehost.com/desk" "Mozilla/5.0 (Windows NT 6.3; WOW64) AppleWebKit/537.36 (KHTML, like Gecko) Chrome/48.0.2564.116 Safari/537.36"
178.250.62.30 - - [14/Mar/2016:15:13:56 +0200] "POST /socket.io/?EIO=3&transport=polling&t=1457961236593-86&sid=FfmDWF84rKexIW__AADU HTTP/1.1" 200 2 "http://somehost.com/desk" "Mozilla/5.0 (Windows NT 6.3; WOW64) AppleWebKit/537.36 (KHTML, like Gecko) Chrome/48.0.2564.116 Safari/537.36"
141.170.240.20 - - [14/Mar/2016:15:14:10 +0200] "GET /socket.io/?EIO=3&transport=polling&t=1457961223530-5313&sid=PnjLqvTRz23llV5_AADT HTTP/1.1" 200 4 "http://somehost.com/desk" "Mozilla/5.0 (Macintosh; Intel Mac OS X 10_11_3) AppleWebKit/537.36 (KHTML, like Gecko) Chrome/48.0.2564.116 Safari/537.36"
141.170.240.20 - - [14/Mar/2016:15:14:10 +0200] "POST /socket.io/?EIO=3&transport=polling&t=1457961249997-5314&sid=PnjLqvTRz23llV5_AADT HTTP/1.1" 200 2 "http://somehost.com/desk" "Mozilla/5.0 (Macintosh; Intel Mac OS X 10_11_3) AppleWebKit/537.36 (KHTML, like Gecko) Chrome/48.0.2564.116 Safari/537.36"
178.250.62.30 - - [14/Mar/2016:15:14:13 +0200] "POST / HTTP/1.1" 200 518 "http://somehost.com/desk" "Mozilla/5.0 (Windows NT 6.3; WOW64) AppleWebKit/537.36 (KHTML, like Gecko) Chrome/48.0.2564.116 Safari/537.36"
178.250.62.30 - - [14/Mar/2016:15:14:21 +0200] "GET /socket.io/?EIO=3&transport=polling&t=1457961236655-87&sid=FfmDWF84rKexIW__AADU HTTP/1.1" 200 4 "http://somehost.com/desk" "Mozilla/5.0 (Windows NT 6.3; WOW64) AppleWebKit/537.36 (KHTML, like Gecko) Chrome/48.0.2564.116 Safari/537.36"
178.250.62.30 - - [14/Mar/2016:15:14:21 +0200] "POST /socket.io/?EIO=3&transport=polling&t=1457961261672-88&sid=FfmDWF84rKexIW__AADU HTTP/1.1" 200 2 "http://somehost.com/desk" "Mozilla/5.0 (Windows NT 6.3; WOW64) AppleWebKit/537.36 (KHTML, like Gecko) Chrome/48.0.2564.116 Safari/537.36"
141.170.240.20 - - [14/Mar/2016:15:14:38 +0200] "GET /socket.io/?EIO=3&transport=polling&t=1457961250082-5315&sid=PnjLqvTRz23llV5_AADT HTTP/1.1" 200 4 "http://somehost.com/desk" "Mozilla/5.0 (Macintosh; Intel Mac OS X 10_11_3) AppleWebKit/537.36 (KHTML, like Gecko) Chrome/48.0.2564.116 Safari/537.36"
141.170.240.20 - - [14/Mar/2016:15:14:38 +0200] "POST /socket.io/?EIO=3&transport=polling&t=1457961278748-5316&sid=PnjLqvTRz23llV5_AADT HTTP/1.1" 200 2 "http://somehost.com/desk" "Mozilla/5.0 (Macintosh; Intel Mac OS X 10_11_3) AppleWebKit/537.36 (KHTML, like Gecko) Chrome/48.0.2564.116 Safari/537.36"
178.250.62.30 - - [14/Mar/2016:15:14:43 +0200] "POST / HTTP/1.1" 200 518 "http://somehost.com/desk" "Mozilla/5.0 (Windows NT 6.3; WOW64) AppleWebKit/537.36 (KHTML, like Gecko) Chrome/48.0.2564.116 Safari/537.36"
178.250.62.30 - - [14/Mar/2016:15:14:46 +0200] "GET /socket.io/?EIO=3&transport=polling&t=1457961261797-89&sid=FfmDWF84rKexIW__AADU HTTP/1.1" 200 4 "http://somehost.com/desk" "Mozilla/5.0 (Windows NT 6.3; WOW64) AppleWebKit/537.36 (KHTML, like Gecko) Chrome/48.0.2564.116 Safari/537.36"
178.250.62.30 - - [14/Mar/2016:15:14:46 +0200] "POST /socket.io/?EIO=3&transport=polling&t=1457961286810-90&sid=FfmDWF84rKexIW__AADU HTTP/1.1" 200 2 "http://somehost.com/desk" "Mozilla/5.0 (Windows NT 6.3; WOW64) AppleWebKit/537.36 (KHTML, like Gecko) Chrome/48.0.2564.116 Safari/537.36"
178.250.62.30 - - [14/Mar/2016:15:15:12 +0200] "GET /socket.io/?EIO=3&transport=polling&t=1457961286872-91&sid=FfmDWF84rKexIW__AADU HTTP/1.1" 200 4 "http://somehost.com/desk" "Mozilla/5.0 (Windows NT 6.3; WOW64) AppleWebKit/537.36 (KHTML, like Gecko) Chrome/48.0.2564.116 Safari/537.36"
178.250.62.30 - - [14/Mar/2016:15:15:12 +0200] "POST /socket.io/?EIO=3&transport=polling&t=1457961311884-92&sid=FfmDWF84rKexIW__AADU HTTP/1.1" 200 2 "http://somehost.com/desk" "Mozilla/5.0 (Windows NT 6.3; WOW64) AppleWebKit/537.36 (KHTML, like Gecko) Chrome/48.0.2564.116 Safari/537.36"
178.250.62.30 - - [14/Mar/2016:15:15:13 +0200] "POST / HTTP/1.1" 200 518 "http://somehost.com/desk" "Mozilla/5.0 (Windows NT 6.3; WOW64) AppleWebKit/537.36 (KHTML, like Gecko) Chrome/48.0.2564.116 Safari/537.36"
141.170.240.20 - - [14/Mar/2016:15:15:35 +0200] "GET /socket.io/?EIO=3&transport=polling&t=1457961278838-5317&sid=PnjLqvTRz23llV5_AADT HTTP/1.1" 200 4 "http://somehost.com/desk" "Mozilla/5.0 (Macintosh; Intel Mac OS X 10_11_3) AppleWebKit/537.36 (KHTML, like Gecko) Chrome/48.0.2564.116 Safari/537.36"
141.170.240.20 - - [14/Mar/2016:15:15:35 +0200] "POST /socket.io/?EIO=3&transport=polling&t=1457961335493-5318&sid=PnjLqvTRz23llV5_AADT HTTP/1.1" 200 2 "http://somehost.com/desk" "Mozilla/5.0 (Macintosh; Intel Mac OS X 10_11_3) AppleWebKit/537.36 (KHTML, like Gecko) Chrome/48.0.2564.116 Safari/537.36"
178.250.62.30 - - [14/Mar/2016:15:15:37 +0200] "GET /socket.io/?EIO=3&transport=polling&t=1457961312024-93&sid=FfmDWF84rKexIW__AADU HTTP/1.1" 200 4 "http://somehost.com/desk" "Mozilla/5.0 (Windows NT 6.3; WOW64) AppleWebKit/537.36 (KHTML, like Gecko) Chrome/48.0.2564.116 Safari/537.36"
