178.250.62.30 - - [14/Mar/2016:15:29:51 +0200] "GET /socket.io/?EIO=3&transport=polling&t=1457962166479-161&sid=FfmDWF84rKexIW__AADU HTTP/1.1" 200 4 "http://somehost.com/desk" "Mozilla/5.0 (Windows NT 6.3; WOW64) AppleWebKit/537.36 (KHTML, like Gecko) Chrome/48.0.2564.116 Safari/537.36"
178.250.62.30 - - [14/Mar/2016:15:29:51 +0200] "POST /socket.io/?EIO=3&transport=polling&t=1457962191503-162&sid=FfmDWF84rKexIW__AADU HTTP/1.1" 200 2 "http://somehost.com/desk" "Mozilla/5.0 (Windows NT 6.3; WOW64) AppleWebKit/537.36 (KHTML, like Gecko) Chrome/48.0.2564.116 Safari/537.36"
178.250.62.30 - - [14/Mar/2016:15:30:13 +0200] "POST / HTTP/1.1" 200 518 "http://somehost.com/desk" "Mozilla/5.0 (Windows NT 6.3; WOW64) AppleWebKit/537.36 (KHTML, like Gecko) Chrome/48.0.2564.116 Safari/537.36"
141.170.240.20 - - [14/Mar/2016:15:30:15 +0200] "GET /socket.io/?EIO=3&transport=polling&t=1457962158656-5369&sid=PnjLqvTRz23llV5_AADT HTTP/1.1" 200 4 "http://somehost.com/desk" "Mozilla/5.0 (Macintosh; Intel Mac OS X 10_11_3) AppleWebKit/537.36 (KHTML, like Gecko) Chrome/48.0.2564.116 Safari/537.36"
141.170.240.20 - - [14/Mar/2016:15:30:15 +0200] "POST /socket.io/?EIO=3&transport=polling&t=1457962215551-5370&sid=PnjLqvTRz23llV5_AADT HTTP/1.1" 200 2 "http://somehost.com/desk" "Mozilla/5.0 (Macintosh; Intel Mac OS X 10_11_3) AppleWebKit/537.36 (KHTML, like Gecko) Chrome/48.0.2564.116 Safari/537.36"
178.250.62.30 - - [14/Mar/2016:15:30:16 +0200] "GET /socket.io/?EIO=3&transport=polling&t=1457962191632-163&sid=FfmDWF84rKexIW__AADU HTTP/1.1" 200 4 "http://somehost.com/desk" "Mozilla/5.0 (Windows NT 6.3; WOW64) AppleWebKit/537.36 (KHTML, like Gecko) Chrome/48.0.2564.116 Safari/537.36"
178.250.62.30 - - [14/Mar/2016:15:30:16 +0200] "POST /socket.io/?EIO=3&transport=polling&t=1457962216649-164&sid=FfmDWF84rKexIW__AADU HTTP/1.1" 200 2 "http://somehost.com/desk" "Mozilla/5.0 (Windows NT 6.3; WOW64) AppleWebKit/537.36 (KHTML, like Gecko) Chrome/48.0.2564.116 Safari/537.36"
178.250.62.30 - - [14/Mar/2016:15:30:41 +0200] "GET /socket.io/?EIO=3&transport=polling&t=1457962216711-165&sid=FfmDWF84rKexIW__AADU HTTP/1.1" 200 4 "http://somehost.com/desk" "Mozilla/5.0 (Windows NT 6.3; WOW64) AppleWebKit/537.36 (KHTML, like Gecko) Chrome/48.0.2564.116 Safari/537.36"
178.250.62.30 - - [14/Mar/2016:15:30:41 +0200] "POST /socket.io/?EIO=3&transport=polling&t=1457962241729-166&sid=FfmDWF84rKexIW__AADU HTTP/1.1" 200 2 "http://somehost.com/desk" "Mozilla/5.0 (Windows NT 6.3; WOW64) AppleWebKit/537.36 (KHTML, like Gecko) Chrome/48.0.2564.116 Safari/537.36"
178.250.62.30 - - [14/Mar/2016:15:30:43 +0200] "POST / HTTP/1.1" 200 518 "http://somehost.com/desk" "Mozilla/5.0 (Windows NT 6.3; WOW64) AppleWebKit/537.36 (KHTML, like Gecko) Chrome/48.0.2564.116 Safari/537.36"
141.170.240.20 - - [14/Mar/2016:15:30:49 +0200] "GET /socket.io/?EIO=3&transport=polling&t=1457962215644-5371&sid=PnjLqvTRz23llV5_AADT HTTP/1.1" 200 4 "http://somehost.com/desk" "Mozilla/5.0 (Macintosh; Intel Mac OS X 10_11_3) AppleWebKit/537.36 (KHTML, like Gecko) Chrome/48.0.2564.116 Safari/537.36"
141.170.240.20 - - [14/Mar/2016:15:30:49 +0200] "POST /socket.io/?EIO=3&transport=polling&t=1457962249755-5372&sid=PnjLqvTRz23llV5_AADT HTTP/1.1" 200 2 "http://somehost.com/desk" "Mozilla/5.0 (Macintosh; Intel Mac OS X 10_11_3) AppleWebKit/537.36 (KHTML, like Gecko) Chrome/48.0.2564.116 Safari/537.36"
178.250.62.30 - - [14/Mar/2016:15:31:07 +0200] "GET /socket.io/?EIO=3&transport=polling&t=1457962241838-167&sid=FfmDWF84rKexIW__AADU HTTP/1.1" 200 4 "http://somehost.com/desk" "Mozilla/5.0 (Windows NT 6.3; WOW64) AppleWebKit/537.36 (KHTML, like Gecko) Chrome/48.0.2564.116 Safari/537.36"
178.250.62.30 - - [14/Mar/2016:15:31:07 +0200] "POST /socket.io/?EIO=3&transport=polling&t=1457962266867-168&sid=FfmDWF84rKexIW__AADU HTTP/1.1" 200 2 "http://somehost.com/desk" "Mozilla/5.0 (Windows NT 6.3; WOW64) AppleWebKit/537.36 (KHTML, like Gecko) Chrome/48.0.2564.116 Safari/537.36"
141.170.240.20 - - [14/Mar/2016:15:31:15 +0200] "GET /socket.io/?EIO=3&transport=polling&t=1457962249854-5373&sid=PnjLqvTRz23llV5_AADT HTTP/1.1" 200 4 "http://somehost.com/desk" "Mozilla/5.0 (Macintosh; Intel Mac OS X 10_11_3) AppleWebKit/537.36 (KHTML, like Gecko) Chrome/48.0.2564.116 Safari/537.36"
141.170.240.20 - - [14/Mar/2016:15:31:15 +0200] "POST /socket.io/?EIO=3&transport=polling&t=1457962275312-5374&sid=PnjLqvTRz23llV5_AADT HTTP/1.1" 200 2 "http://somehost.com/desk" "Mozilla/5.0 (Macintosh; Intel Mac OS X 10_11_3) AppleWebKit/537.36 (KHTML, like Gecko) Chrome/48.0.2564.116 Safari/537.36"
178.250.62.30 - - [14/Mar/2016:15:31:32 +0200] "GET /socket.io/?EIO=3&transport=polling&t=1457962266992-169&sid=FfmDWF84rKexIW__AADU HTTP/1.1" 200 4 "http://somehost.com/desk" "Mozilla/5.0 (Windows NT 6.3; WOW64) AppleWebKit/537.36 (KHTML, like Gecko) Chrome/48.0.2564.116 Safari/537.36"
178.250.62.30 - - [14/Mar/2016:15:31:32 +0200] "POST /socket.io/?EIO=3&transport=polling&t=1457962292015-170&sid=FfmDWF84rKexIW__AADU HTTP/1.1" 200 2 "http://somehost.com/desk" "Mozilla/5.0 (Windows NT 6.3; WOW64) AppleWebKit/537.36 (KHTML, like Gecko) Chrome/48.0.2564.116 Safari/537.36"
141.170.240.20 - - [14/Mar/2016:15:31:49 +0200] "GET /socket.io/?EIO=3&transport=polling&t=1457962275403-5375&sid=PnjLqvTRz23llV5_AADT HTTP/1.1" 200 4 "http://somehost.com/desk" "Mozilla/5.0 (Macintosh; Intel Mac OS X 10_11_3) AppleWebKit/537.36 (KHTML, like Gecko) Chrome/48.0.2564.116 Safari/537.36"
141.170.240.20 - - [14/Mar/2016:15:31:49 +0200] "POST /socket.io/?EIO=3&transport=polling&t=1457962309401-5376&sid=PnjLqvTRz23llV5_AADT HTTP/1.1" 200 2 "http://somehost.com/desk" "Mozilla/5.0 (Macintosh; Intel Mac OS X 10_11_3) AppleWebKit/537.36 (KHTML, like Gecko) Chrome/48.0.2564.116 Safari/537.36"
178.250.62.30 - - [14/Mar/2016:15:31:57 +0200] "GET /socket.io/?EIO=3&transport=polling&t=1457962292140-171&sid=FfmDWF84rKexIW__AADU HTTP/1.1" 200 4 "http://somehost.com/desk" "Mozilla/5.0 (Windows NT 6.3; WOW64) AppleWebKit/537.36 (KHTML, like Gecko) Chrome/48.0.2564.116 Safari/537.36"
178.250.62.30 - - [14/Mar/2016:15:31:57 +0200] "POST /socket.io/?EIO=3&transport=polling&t=1457962317161-172&sid=FfmDWF84rKexIW__AADU HTTP/1.1" 200 2 "http://somehost.com/desk" "Mozilla/5.0 (Windows NT 6.3; WOW64) AppleWebKit/537.36 (KHTML, like Gecko) Chrome/48.0.2564.116 Safari/537.36"
178.250.62.30 - - [14/Mar/2016:15:32:13 +0200] "POST / HTTP/1.1" 200 518 "http://somehost.com/desk" "Mozilla/5.0 (Windows NT 6.3; WOW64) AppleWebKit/537.36 (KHTML, like Gecko) Chrome/48.0.2564.116 Safari/537.36"
178.250.62.30 - - [14/Mar/2016:15:32:22 +0200] "GET /socket.io/?EIO=3&transport=polling&t=1457962317286-173&sid=FfmDWF84rKexIW__AADU HTTP/1.1" 200 4 "http://somehost.com/desk" "Mozilla/5.0 (Windows NT 6.3; WOW64) AppleWebKit/537.36 (KHTML, like Gecko) Chrome/48.0.2564.116 Safari/537.36"
178.250.62.30 - - [14/Mar/2016:15:32:22 +0200] "POST /socket.io/?EIO=3&transport=polling&t=1457962342290-174&sid=FfmDWF84rKexIW__AADU HTTP/1.1" 200 2 "http://somehost.com/desk" "Mozilla/5.0 (Windows NT 6.3; WOW64) AppleWebKit/537.36 (KHTML, like Gecko) Chrome/48.0.2564.116 Safari/537.36"
178.250.62.30 - - [14/Mar/2016:15:32:27 +0200] "GET /print?doctype=Quotation&name=Neu%20Angebot%203&format=Enip&no_letterhead=0 HTTP/1.1" 404 7794 "http://somehost.com/desk" "Mozilla/5.0 (Windows NT 6.3; WOW64) AppleWebKit/537.36 (KHTML, like Gecko) Chrome/48.0.2564.116 Safari/537.36"
178.250.62.30 - - [14/Mar/2016:15:32:27 +0200] "GET /website_theme.css HTTP/1.1" 200 2512 "http://somehost.com/print?doctype=Quotation&name=Neu%20Angebot%203&format=Enip&no_letterhead=0" "Mozilla/5.0 (Windows NT 6.3; WOW64) AppleWebKit/537.36 (KHTML, like Gecko) Chrome/48.0.2564.116 Safari/537.36"
178.250.62.30 - - [14/Mar/2016:15:32:27 +0200] "GET /website_script.js HTTP/1.1" 200 2 "http://somehost.com/print?doctype=Quotation&name=Neu%20Angebot%203&format=Enip&no_letterhead=0" "Mozilla/5.0 (Windows NT 6.3; WOW64) AppleWebKit/537.36 (KHTML, like Gecko) Chrome/48.0.2564.116 Safari/537.36"
141.170.240.20 - - [14/Mar/2016:15:32:32 +0200] "GET /socket.io/?EIO=3&transport=polling&t=1457962309521-5377&sid=PnjLqvTRz23llV5_AADT HTTP/1.1" 200 4 "http://somehost.com/desk" "Mozilla/5.0 (Macintosh; Intel Mac OS X 10_11_3) AppleWebKit/537.36 (KHTML, like Gecko) Chrome/48.0.2564.116 Safari/537.36"
141.170.240.20 - - [14/Mar/2016:15:32:32 +0200] "POST /socket.io/?EIO=3&transport=polling&t=1457962352408-5378&sid=PnjLqvTRz23llV5_AADT HTTP/1.1" 200 2 "http://somehost.com/desk" "Mozilla/5.0 (Macintosh; Intel Mac OS X 10_11_3) AppleWebKit/537.36 (KHTML, like Gecko) Chrome/48.0.2564.116 Safari/537.36"
178.250.62.30 - - [14/Mar/2016:15:32:43 +0200] "POST / HTTP/1.1" 200 2480 "http://somehost.com/desk" "Mozilla/5.0 (Windows NT 6.3; WOW64) AppleWebKit/537.36 (KHTML, like Gecko) Chrome/48.0.2564.116 Safari/537.36"
178.250.62.30 - - [14/Mar/2016:15:32:43 +0200] "POST / HTTP/1.1" 200 39 "http://somehost.com/desk" "Mozilla/5.0 (Windows NT 6.3; WOW64) AppleWebKit/537.36 (KHTML, like Gecko) Chrome/48.0.2564.116 Safari/537.36"
178.250.62.30 - - [14/Mar/2016:15:32:43 +0200] "POST / HTTP/1.1" 200 67 "http://somehost.com/desk" "Mozilla/5.0 (Windows NT 6.3; WOW64) AppleWebKit/537.36 (KHTML, like Gecko) Chrome/48.0.2564.116 Safari/537.36"
178.250.62.30 - - [14/Mar/2016:15:32:43 +0200] "POST / HTTP/1.1" 200 518 "http://somehost.com/desk" "Mozilla/5.0 (Windows NT 6.3; WOW64) AppleWebKit/537.36 (KHTML, like Gecko) Chrome/48.0.2564.116 Safari/537.36"
178.250.62.30 - - [14/Mar/2016:15:32:47 +0200] "GET /socket.io/?EIO=3&transport=polling&t=1457962342431-175&sid=FfmDWF84rKexIW__AADU HTTP/1.1" 200 4 "http://somehost.com/desk" "Mozilla/5.0 (Windows NT 6.3; WOW64) AppleWebKit/537.36 (KHTML, like Gecko) Chrome/48.0.2564.116 Safari/537.36"
178.250.62.30 - - [14/Mar/2016:15:32:47 +0200] "POST /socket.io/?EIO=3&transport=polling&t=1457962367434-176&sid=FfmDWF84rKexIW__AADU HTTP/1.1" 200 2 "http://somehost.com/desk" "Mozilla/5.0 (Windows NT 6.3; WOW64) AppleWebKit/537.36 (KHTML, like Gecko) Chrome/48.0.2564.116 Safari/537.36"
178.250.62.30 - - [14/Mar/2016:15:32:48 +0200] "GET /?stats=%5B%22_user_tags%22%2C%22status%22%5D&doctype=Quotation&cmd=frappe.desk.reportview.get_stats&_=1457960532613 HTTP/1.1" 200 83 "http://somehost.com/desk" "Mozilla/5.0 (Windows NT 6.3; WOW64) AppleWebKit/537.36 (KHTML, like Gecko) Chrome/48.0.2564.116 Safari/537.36"
178.250.62.30 - - [14/Mar/2016:15:32:48 +0200] "GET /?limit_start=0&limit_page_length=20&doctype=Quotation&fields=%5B%22%60tabQuotation%60.%60name%60%22%2C%22%60tabQuotation%60.%60owner%60%22%2C%22%60tabQuotation%60.%60docstatus%60%22%2C%22%60tabQuotation%60.%60_user_tags%60%22%2C%22%60tabQuotation%60.%60_comments%60%22%2C%22%60tabQuotation%60.%60modified%60%22%2C%22%60tabQuotation%60.%60modified_by%60%22%2C%22%60tabQuotation%60.%60_assign%60%22%2C%22%60tabQuotation%60.%60_liked_by%60%22%2C%22%60tabQuotation%60.%60title%60%22%2C%22%60tabQuotation%60.%60grand_total%60%22%2C%22%60tabQuotation%60.%60currency%60%22%2C%22%60tabQuotation%60.%60status%60%22%2C%22%60tabQuotation%60.customer_name%22%2C%22%60tabQuotation%60.base_grand_total%22%2C%22%60tabQuotation%60.status%22%2C%22%60tabQuotation%60.company%22%2C%22%60tabQuotation%60.currency%22%5D&filters=%5B%5B%22Quotation%22%2C%22docstatus%22%2C%22%3D%22%2C%220%22%5D%5D&with_comment_count=true&cmd=frappe.desk.reportview.get&_=1457960532614 HTTP/1.1" 200 3517 "http://somehost.com/desk" "Mozilla/5.0 (Windows NT 6.3; WOW64) AppleWebKit/537.36 (KHTML, like Gecko) Chrome/48.0.2564.116 Safari/537.36"
141.170.240.20 - - [14/Mar/2016:15:33:00 +0200] "GET /socket.io/?EIO=3&transport=polling&t=1457962352508-5379&sid=PnjLqvTRz23llV5_AADT HTTP/1.1" 200 4 "http://somehost.com/desk" "Mozilla/5.0 (Macintosh; Intel Mac OS X 10_11_3) AppleWebKit/537.36 (KHTML, like Gecko) Chrome/48.0.2564.116 Safari/537.36"
141.170.240.20 - - [14/Mar/2016:15:33:00 +0200] "POST /socket.io/?EIO=3&transport=polling&t=1457962380264-5380&sid=PnjLqvTRz23llV5_AADT HTTP/1.1" 200 2 "http://somehost.com/desk" "Mozilla/5.0 (Macintosh; Intel Mac OS X 10_11_3) AppleWebKit/537.36 (KHTML, like Gecko) Chrome/48.0.2564.116 Safari/537.36"
178.250.62.30 - - [14/Mar/2016:15:33:03 +0200] "-" 400 0 "-" "-"
178.250.62.30 - - [14/Mar/2016:15:33:12 +0200] "GET /socket.io/?EIO=3&transport=polling&t=1457962367512-177&sid=FfmDWF84rKexIW__AADU HTTP/1.1" 200 4 "http://somehost.com/desk" "Mozilla/5.0 (Windows NT 6.3; WOW64) AppleWebKit/537.36 (KHTML, like Gecko) Chrome/48.0.2564.116 Safari/537.36"
178.250.62.30 - - [14/Mar/2016:15:33:12 +0200] "POST /socket.io/?EIO=3&transport=polling&t=1457962392532-178&sid=FfmDWF84rKexIW__AADU HTTP/1.1" 200 2 "http://somehost.com/desk" "Mozilla/5.0 (Windows NT 6.3; WOW64) AppleWebKit/537.36 (KHTML, like Gecko) Chrome/48.0.2564.116 Safari/537.36"
178.250.62.30 - - [14/Mar/2016:15:33:13 +0200] "POST / HTTP/1.1" 200 518 "http://somehost.com/desk" "Mozilla/5.0 (Windows NT 6.3; WOW64) AppleWebKit/537.36 (KHTML, like Gecko) Chrome/48.0.2564.116 Safari/537.36"
178.250.62.30 - - [14/Mar/2016:15:33:37 +0200] "GET /socket.io/?EIO=3&transport=polling&t=1457962392641-179&sid=FfmDWF84rKexIW__AADU HTTP/1.1" 200 4 "http://somehost.com/desk" "Mozilla/5.0 (Windows NT 6.3; WOW64) AppleWebKit/537.36 (KHTML, like Gecko) Chrome/48.0.2564.116 Safari/537.36"
178.250.62.30 - - [14/Mar/2016:15:33:37 +0200] "POST /socket.io/?EIO=3&transport=polling&t=1457962417660-180&sid=FfmDWF84rKexIW__AADU HTTP/1.1" 200 2 "http://somehost.com/desk" "Mozilla/5.0 (Windows NT 6.3; WOW64) AppleWebKit/537.36 (KHTML, like Gecko) Chrome/48.0.2564.116 Safari/537.36"
141.170.240.20 - - [14/Mar/2016:15:33:40 +0200] "GET /socket.io/?EIO=3&transport=polling&t=1457962380385-5381&sid=PnjLqvTRz23llV5_AADT HTTP/1.1" 200 4 "http://somehost.com/desk" "Mozilla/5.0 (Macintosh; Intel Mac OS X 10_11_3) AppleWebKit/537.36 (KHTML, like Gecko) Chrome/48.0.2564.116 Safari/537.36"
141.170.240.20 - - [14/Mar/2016:15:33:40 +0200] "POST /socket.io/?EIO=3&transport=polling&t=1457962420806-5382&sid=PnjLqvTRz23llV5_AADT HTTP/1.1" 200 2 "http://somehost.com/desk" "Mozilla/5.0 (Macintosh; Intel Mac OS X 10_11_3) AppleWebKit/537.36 (KHTML, like Gecko) Chrome/48.0.2564.116 Safari/537.36"
178.250.62.30 - - [14/Mar/2016:15:33:43 +0200] "POST / HTTP/1.1" 200 518 "http://somehost.com/desk" "Mozilla/5.0 (Windows NT 6.3; WOW64) AppleWebKit/537.36 (KHTML, like Gecko) Chrome/48.0.2564.116 Safari/537.36"
178.250.62.30 - - [14/Mar/2016:15:34:03 +0200] "GET /socket.io/?EIO=3&transport=polling&t=1457962417785-181&sid=FfmDWF84rKexIW__AADU HTTP/1.1" 200 4 "http://somehost.com/desk" "Mozilla/5.0 (Windows NT 6.3; WOW64) AppleWebKit/537.36 (KHTML, like Gecko) Chrome/48.0.2564.116 Safari/537.36"
178.250.62.30 - - [14/Mar/2016:15:34:03 +0200] "POST /socket.io/?EIO=3&transport=polling&t=1457962442796-182&sid=FfmDWF84rKexIW__AADU HTTP/1.1" 200 2 "http://somehost.com/desk" "Mozilla/5.0 (Windows NT 6.3; WOW64) AppleWebKit/537.36 (KHTML, like Gecko) Chrome/48.0.2564.116 Safari/537.36"
141.170.240.20 - - [14/Mar/2016:15:34:07 +0200] "GET /socket.io/?EIO=3&transport=polling&t=1457962420900-5383&sid=PnjLqvTRz23llV5_AADT HTTP/1.1" 200 4 "http://somehost.com/desk" "Mozilla/5.0 (Macintosh; Intel Mac OS X 10_11_3) AppleWebKit/537.36 (KHTML, like Gecko) Chrome/48.0.2564.116 Safari/537.36"
141.170.240.20 - - [14/Mar/2016:15:34:07 +0200] "POST /socket.io/?EIO=3&transport=polling&t=1457962447113-5384&sid=PnjLqvTRz23llV5_AADT HTTP/1.1" 200 2 "http://somehost.com/desk" "Mozilla/5.0 (Macintosh; Intel Mac OS X 10_11_3) AppleWebKit/537.36 (KHTML, like Gecko) Chrome/48.0.2564.116 Safari/537.36"
178.250.62.30 - - [14/Mar/2016:15:34:13 +0200] "POST / HTTP/1.1" 200 518 "http://somehost.com/desk" "Mozilla/5.0 (Windows NT 6.3; WOW64) AppleWebKit/537.36 (KHTML, like Gecko) Chrome/48.0.2564.116 Safari/537.36"
178.250.62.30 - - [14/Mar/2016:15:34:28 +0200] "GET /socket.io/?EIO=3&transport=polling&t=1457962442921-183&sid=FfmDWF84rKexIW__AADU HTTP/1.1" 200 4 "http://somehost.com/desk" "Mozilla/5.0 (Windows NT 6.3; WOW64) AppleWebKit/537.36 (KHTML, like Gecko) Chrome/48.0.2564.116 Safari/537.36"
178.250.62.30 - - [14/Mar/2016:15:34:28 +0200] "POST /socket.io/?EIO=3&transport=polling&t=1457962467937-184&sid=FfmDWF84rKexIW__AADU HTTP/1.1" 200 2 "http://somehost.com/desk" "Mozilla/5.0 (Windows NT 6.3; WOW64) AppleWebKit/537.36 (KHTML, like Gecko) Chrome/48.0.2564.116 Safari/537.36"
141.170.240.20 - - [14/Mar/2016:15:34:38 +0200] "GET /socket.io/?EIO=3&transport=polling&t=1457962447220-5385&sid=PnjLqvTRz23llV5_AADT HTTP/1.1" 200 4 "http://somehost.com/desk" "Mozilla/5.0 (Macintosh; Intel Mac OS X 10_11_3) AppleWebKit/537.36 (KHTML, like Gecko) Chrome/48.0.2564.116 Safari/537.36"
141.170.240.20 - - [14/Mar/2016:15:34:38 +0200] "POST /socket.io/?EIO=3&transport=polling&t=1457962478730-5386&sid=PnjLqvTRz23llV5_AADT HTTP/1.1" 200 2 "http://somehost.com/desk" "Mozilla/5.0 (Macintosh; Intel Mac OS X 10_11_3) AppleWebKit/537.36 (KHTML, like Gecko) Chrome/48.0.2564.116 Safari/537.36"
178.250.62.30 - - [14/Mar/2016:15:34:43 +0200] "POST / HTTP/1.1" 200 518 "http://somehost.com/desk" "Mozilla/5.0 (Windows NT 6.3; WOW64) AppleWebKit/537.36 (KHTML, like Gecko) Chrome/48.0.2564.116 Safari/537.36"
178.250.62.30 - - [14/Mar/2016:15:34:53 +0200] "GET /socket.io/?EIO=3&transport=polling&t=1457962468074-185&sid=FfmDWF84rKexIW__AADU HTTP/1.1" 200 4 "http://somehost.com/desk" "Mozilla/5.0 (Windows NT 6.3; WOW64) AppleWebKit/537.36 (KHTML, like Gecko) Chrome/48.0.2564.116 Safari/537.36"
178.250.62.30 - - [14/Mar/2016:15:34:53 +0200] "POST /socket.io/?EIO=3&transport=polling&t=1457962493086-186&sid=FfmDWF84rKexIW__AADU HTTP/1.1" 200 2 "http://somehost.com/desk" "Mozilla/5.0 (Windows NT 6.3; WOW64) AppleWebKit/537.36 (KHTML, like Gecko) Chrome/48.0.2564.116 Safari/537.36"
178.250.62.30 - - [14/Mar/2016:15:34:55 +0200] "GET /?doctype=Target&with_parent=1&cached_timestamp=&cmd=frappe.desk.form.load.getdoctype&_=1457960532615 HTTP/1.1" 200 8637 "http://somehost.com/desk" "Mozilla/5.0 (Windows NT 6.3; WOW64) AppleWebKit/537.36 (KHTML, like Gecko) Chrome/48.0.2564.116 Safari/537.36"
178.250.62.30 - - [14/Mar/2016:15:34:55 +0200] "GET /?stats=%5B%22_user_tags%22%5D&doctype=Target&cmd=frappe.desk.reportview.get_stats&_=1457960532616 HTTP/1.1" 200 2 "http://somehost.com/desk" "Mozilla/5.0 (Windows NT 6.3; WOW64) AppleWebKit/537.36 (KHTML, like Gecko) Chrome/48.0.2564.116 Safari/537.36"
178.250.62.30 - - [14/Mar/2016:15:34:56 +0200] "GET /?limit_start=0&limit_page_length=20&doctype=Target&fields=%5B%22%60tabTarget%60.%60name%60%22%2C%22%60tabTarget%60.%60owner%60%22%2C%22%60tabTarget%60.%60docstatus%60%22%2C%22%60tabTarget%60.%60_user_tags%60%22%2C%22%60tabTarget%60.%60_comments%60%22%2C%22%60tabTarget%60.%60modified%60%22%2C%22%60tabTarget%60.%60modified_by%60%22%2C%22%60tabTarget%60.%60_assign%60%22%2C%22%60tabTarget%60.%60_liked_by%60%22%2C%22%60tabTarget%60.%60description%60%22%5D&filters=%5B%5D&with_comment_count=true&cmd=frappe.desk.reportview.get&_=1457960532617 HTTP/1.1" 200 2405 "http://somehost.com/desk" "Mozilla/5.0 (Windows NT 6.3; WOW64) AppleWebKit/537.36 (KHTML, like Gecko) Chrome/48.0.2564.116 Safari/537.36"
141.170.240.20 - - [14/Mar/2016:15:35:06 +0200] "GET /socket.io/?EIO=3&transport=polling&t=1457962478828-5387&sid=PnjLqvTRz23llV5_AADT HTTP/1.1" 200 4 "http://somehost.com/desk" "Mozilla/5.0 (Macintosh; Intel Mac OS X 10_11_3) AppleWebKit/537.36 (KHTML, like Gecko) Chrome/48.0.2564.116 Safari/537.36"
141.170.240.20 - - [14/Mar/2016:15:35:06 +0200] "POST /socket.io/?EIO=3&transport=polling&t=1457962506036-5388&sid=PnjLqvTRz23llV5_AADT HTTP/1.1" 200 2 "http://somehost.com/desk" "Mozilla/5.0 (Macintosh; Intel Mac OS X 10_11_3) AppleWebKit/537.36 (KHTML, like Gecko) Chrome/48.0.2564.116 Safari/537.36"
178.250.62.30 - - [14/Mar/2016:15:35:13 +0200] "POST / HTTP/1.1" 200 518 "http://somehost.com/desk" "Mozilla/5.0 (Windows NT 6.3; WOW64) AppleWebKit/537.36 (KHTML, like Gecko) Chrome/48.0.2564.116 Safari/537.36"
178.250.62.30 - - [14/Mar/2016:15:35:15 +0200] "GET /?doctype=Quotation&name=AN-0000000027&cmd=frappe.desk.form.load.getdoc&_=1457960532618 HTTP/1.1" 200 59535 "http://somehost.com/desk" "Mozilla/5.0 (Windows NT 6.3; WOW64) AppleWebKit/537.36 (KHTML, like Gecko) Chrome/48.0.2564.116 Safari/537.36"
178.250.62.30 - - [14/Mar/2016:15:35:15 +0200] "POST / HTTP/1.1" 200 39 "http://somehost.com/desk" "Mozilla/5.0 (Windows NT 6.3; WOW64) AppleWebKit/537.36 (KHTML, like Gecko) Chrome/48.0.2564.116 Safari/537.36"
178.250.62.30 - - [14/Mar/2016:15:35:15 +0200] "POST /socket.io/?EIO=3&transport=polling&t=1457962515688-188&sid=FfmDWF84rKexIW__AADU HTTP/1.1" 200 2 "http://somehost.com/desk" "Mozilla/5.0 (Windows NT 6.3; WOW64) AppleWebKit/537.36 (KHTML, like Gecko) Chrome/48.0.2564.116 Safari/537.36"
178.250.62.30 - - [14/Mar/2016:15:35:16 +0200] "POST /socket.io/?EIO=3&transport=polling&t=1457962515817-189&sid=FfmDWF84rKexIW__AADU HTTP/1.1" 200 2 "http://somehost.com/desk" "Mozilla/5.0 (Windows NT 6.3; WOW64) AppleWebKit/537.36 (KHTML, like Gecko) Chrome/48.0.2564.116 Safari/537.36"
178.250.62.30 - - [14/Mar/2016:15:35:16 +0200] "POST / HTTP/1.1" 200 70 "http://somehost.com/desk" "Mozilla/5.0 (Windows NT 6.3; WOW64) AppleWebKit/537.36 (KHTML, like Gecko) Chrome/48.0.2564.116 Safari/537.36"
93.77.255.165 - - [14/Mar/2016:15:35:16 +0200] "GET /api/method/frappe.async.can_subscribe_doc HTTP/1.1" 200 16 "-" "node-superagent/1.6.1"
178.250.62.30 - - [14/Mar/2016:15:35:16 +0200] "GET /socket.io/?EIO=3&transport=polling&t=1457962493211-187&sid=FfmDWF84rKexIW__AADU HTTP/1.1" 200 108 "http://somehost.com/desk" "Mozilla/5.0 (Windows NT 6.3; WOW64) AppleWebKit/537.36 (KHTML, like Gecko) Chrome/48.0.2564.116 Safari/537.36"
93.77.255.165 - - [14/Mar/2016:15:35:16 +0200] "GET /api/method/frappe.async.can_subscribe_doc HTTP/1.1" 200 16 "-" "node-superagent/1.6.1"
178.250.62.30 - - [14/Mar/2016:15:35:18 +0200] "GET /socket.io/?EIO=3&transport=polling&t=1457962516603-190&sid=FfmDWF84rKexIW__AADU HTTP/1.1" 200 4 "http://somehost.com/desk" "Mozilla/5.0 (Windows NT 6.3; WOW64) AppleWebKit/537.36 (KHTML, like Gecko) Chrome/48.0.2564.116 Safari/537.36"
178.250.62.30 - - [14/Mar/2016:15:35:18 +0200] "POST /socket.io/?EIO=3&transport=polling&t=1457962518217-191&sid=FfmDWF84rKexIW__AADU HTTP/1.1" 200 2 "http://somehost.com/desk" "Mozilla/5.0 (Windows NT 6.3; WOW64) AppleWebKit/537.36 (KHTML, like Gecko) Chrome/48.0.2564.116 Safari/537.36"
178.250.62.30 - - [14/Mar/2016:15:35:25 +0200] "POST /socket.io/?EIO=3&transport=polling&t=1457962525260-193&sid=FfmDWF84rKexIW__AADU HTTP/1.1" 200 2 "http://somehost.com/desk" "Mozilla/5.0 (Windows NT 6.3; WOW64) AppleWebKit/537.36 (KHTML, like Gecko) Chrome/48.0.2564.116 Safari/537.36"
178.250.62.30 - - [14/Mar/2016:15:35:25 +0200] "POST /socket.io/?EIO=3&transport=polling&t=1457962525386-194&sid=FfmDWF84rKexIW__AADU HTTP/1.1" 200 2 "http://somehost.com/desk" "Mozilla/5.0 (Windows NT 6.3; WOW64) AppleWebKit/537.36 (KHTML, like Gecko) Chrome/48.0.2564.116 Safari/537.36"
178.250.62.30 - - [14/Mar/2016:15:35:29 +0200] "GET /?stats=%5B%22_user_tags%22%2C%22status%22%5D&doctype=Quotation&cmd=frappe.desk.reportview.get_stats&_=1457960532619 HTTP/1.1" 200 83 "http://somehost.com/desk" "Mozilla/5.0 (Windows NT 6.3; WOW64) AppleWebKit/537.36 (KHTML, like Gecko) Chrome/48.0.2564.116 Safari/537.36"
178.250.62.30 - - [14/Mar/2016:15:35:29 +0200] "GET /?limit_start=0&limit_page_length=20&doctype=Quotation&fields=%5B%22%60tabQuotation%60.%60name%60%22%2C%22%60tabQuotation%60.%60owner%60%22%2C%22%60tabQuotation%60.%60docstatus%60%22%2C%22%60tabQuotation%60.%60_user_tags%60%22%2C%22%60tabQuotation%60.%60_comments%60%22%2C%22%60tabQuotation%60.%60modified%60%22%2C%22%60tabQuotation%60.%60modified_by%60%22%2C%22%60tabQuotation%60.%60_assign%60%22%2C%22%60tabQuotation%60.%60_liked_by%60%22%2C%22%60tabQuotation%60.%60title%60%22%2C%22%60tabQuotation%60.%60grand_total%60%22%2C%22%60tabQuotation%60.%60currency%60%22%2C%22%60tabQuotation%60.%60status%60%22%2C%22%60tabQuotation%60.customer_name%22%2C%22%60tabQuotation%60.base_grand_total%22%2C%22%60tabQuotation%60.status%22%2C%22%60tabQuotation%60.company%22%2C%22%60tabQuotation%60.currency%22%5D&filters=%5B%5B%22Quotation%22%2C%22docstatus%22%2C%22%3D%22%2C%220%22%5D%5D&with_comment_count=true&cmd=frappe.desk.reportview.get&_=1457960532620 HTTP/1.1" 200 3517 "http://somehost.com/desk" "Mozilla/5.0 (Windows NT 6.3; WOW64) AppleWebKit/537.36 (KHTML, like Gecko) Chrome/48.0.2564.116 Safari/537.36"
141.170.240.20 - - [14/Mar/2016:15:35:31 +0200] "GET /socket.io/?EIO=3&transport=polling&t=1457962506145-5389&sid=PnjLqvTRz23llV5_AADT HTTP/1.1" 200 4 "http://somehost.com/desk" "Mozilla/5.0 (Macintosh; Intel Mac OS X 10_11_3) AppleWebKit/537.36 (KHTML, like Gecko) Chrome/48.0.2564.116 Safari/537.36"
141.170.240.20 - - [14/Mar/2016:15:35:31 +0200] "POST /socket.io/?EIO=3&transport=polling&t=1457962531278-5390&sid=PnjLqvTRz23llV5_AADT HTTP/1.1" 200 2 "http://somehost.com/desk" "Mozilla/5.0 (Macintosh; Intel Mac OS X 10_11_3) AppleWebKit/537.36 (KHTML, like Gecko) Chrome/48.0.2564.116 Safari/537.36"
178.250.62.30 - - [14/Mar/2016:15:35:41 +0200] "GET /?doctype=Quotation&name=AN-0000000018&cmd=frappe.desk.form.load.getdoc&_=1457960532621 HTTP/1.1" 200 3060 "http://somehost.com/desk" "Mozilla/5.0 (Windows NT 6.3; WOW64) AppleWebKit/537.36 (KHTML, like Gecko) Chrome/48.0.2564.116 Safari/537.36"
178.250.62.30 - - [14/Mar/2016:15:35:41 +0200] "POST /socket.io/?EIO=3&transport=polling&t=1457962541627-195&sid=FfmDWF84rKexIW__AADU HTTP/1.1" 200 2 "http://somehost.com/desk" "Mozilla/5.0 (Windows NT 6.3; WOW64) AppleWebKit/537.36 (KHTML, like Gecko) Chrome/48.0.2564.116 Safari/537.36"
178.250.62.30 - - [14/Mar/2016:15:35:41 +0200] "GET /private/files/ClaudioCorrado.png HTTP/1.1" 403 176 "http://somehost.com/desk" "Mozilla/5.0 (Windows NT 6.3; WOW64) AppleWebKit/537.36 (KHTML, like Gecko) Chrome/48.0.2564.116 Safari/537.36"
178.250.62.30 - - [14/Mar/2016:15:35:41 +0200] "POST /socket.io/?EIO=3&transport=polling&t=1457962541765-196&sid=FfmDWF84rKexIW__AADU HTTP/1.1" 200 2 "http://somehost.com/desk" "Mozilla/5.0 (Windows NT 6.3; WOW64) AppleWebKit/537.36 (KHTML, like Gecko) Chrome/48.0.2564.116 Safari/537.36"
178.250.62.30 - - [14/Mar/2016:15:35:42 +0200] "GET /private/files/AndreArcari.png HTTP/1.1" 403 176 "http://somehost.com/desk" "Mozilla/5.0 (Windows NT 6.3; WOW64) AppleWebKit/537.36 (KHTML, like Gecko) Chrome/48.0.2564.116 Safari/537.36"
178.250.62.30 - - [14/Mar/2016:15:35:42 +0200] "GET /socket.io/?EIO=3&transport=polling&t=1457962518279-192&sid=FfmDWF84rKexIW__AADU HTTP/1.1" 200 108 "http://somehost.com/desk" "Mozilla/5.0 (Windows NT 6.3; WOW64) AppleWebKit/537.36 (KHTML, like Gecko) Chrome/48.0.2564.116 Safari/537.36"
93.77.255.165 - - [14/Mar/2016:15:35:42 +0200] "GET /api/method/frappe.async.can_subscribe_doc HTTP/1.1" 200 16 "-" "node-superagent/1.6.1"
93.77.255.165 - - [14/Mar/2016:15:35:42 +0200] "GET /api/method/frappe.async.can_subscribe_doc HTTP/1.1" 200 16 "-" "node-superagent/1.6.1"
178.250.62.30 - - [14/Mar/2016:15:35:43 +0200] "GET /socket.io/?EIO=3&transport=polling&t=1457962542068-197&sid=FfmDWF84rKexIW__AADU HTTP/1.1" 200 4 "http://somehost.com/desk" "Mozilla/5.0 (Windows NT 6.3; WOW64) AppleWebKit/537.36 (KHTML, like Gecko) Chrome/48.0.2564.116 Safari/537.36"
178.250.62.30 - - [14/Mar/2016:15:35:43 +0200] "POST /socket.io/?EIO=3&transport=polling&t=1457962543288-198&sid=FfmDWF84rKexIW__AADU HTTP/1.1" 200 2 "http://somehost.com/desk" "Mozilla/5.0 (Windows NT 6.3; WOW64) AppleWebKit/537.36 (KHTML, like Gecko) Chrome/48.0.2564.116 Safari/537.36"
178.250.62.30 - - [14/Mar/2016:15:35:43 +0200] "POST / HTTP/1.1" 200 518 "http://somehost.com/desk" "Mozilla/5.0 (Windows NT 6.3; WOW64) AppleWebKit/537.36 (KHTML, like Gecko) Chrome/48.0.2564.116 Safari/537.36"
178.250.62.30 - - [14/Mar/2016:15:35:52 +0200] "-" 400 0 "-" "-"
141.170.240.20 - - [14/Mar/2016:15:35:58 +0200] "GET /socket.io/?EIO=3&transport=polling&t=1457962531396-5391&sid=PnjLqvTRz23llV5_AADT HTTP/1.1" 200 4 "http://somehost.com/desk" "Mozilla/5.0 (Macintosh; Intel Mac OS X 10_11_3) AppleWebKit/537.36 (KHTML, like Gecko) Chrome/48.0.2564.116 Safari/537.36"
141.170.240.20 - - [14/Mar/2016:15:35:58 +0200] "POST /socket.io/?EIO=3&transport=polling&t=1457962558656-5392&sid=PnjLqvTRz23llV5_AADT HTTP/1.1" 200 2 "http://somehost.com/desk" "Mozilla/5.0 (Macintosh; Intel Mac OS X 10_11_3) AppleWebKit/537.36 (KHTML, like Gecko) Chrome/48.0.2564.116 Safari/537.36"
178.250.62.30 - - [14/Mar/2016:15:36:08 +0200] "GET /socket.io/?EIO=3&transport=polling&t=1457962543351-199&sid=FfmDWF84rKexIW__AADU HTTP/1.1" 200 4 "http://somehost.com/desk" "Mozilla/5.0 (Windows NT 6.3; WOW64) AppleWebKit/537.36 (KHTML, like Gecko) Chrome/48.0.2564.116 Safari/537.36"
178.250.62.30 - - [14/Mar/2016:15:36:08 +0200] "POST /socket.io/?EIO=3&transport=polling&t=1457962568375-200&sid=FfmDWF84rKexIW__AADU HTTP/1.1" 200 2 "http://somehost.com/desk" "Mozilla/5.0 (Windows NT 6.3; WOW64) AppleWebKit/537.36 (KHTML, like Gecko) Chrome/48.0.2564.116 Safari/537.36"
178.250.62.30 - - [14/Mar/2016:15:36:13 +0200] "POST / HTTP/1.1" 200 518 "http://somehost.com/desk" "Mozilla/5.0 (Windows NT 6.3; WOW64) AppleWebKit/537.36 (KHTML, like Gecko) Chrome/48.0.2564.116 Safari/537.36"
141.170.240.20 - - [14/Mar/2016:15:36:24 +0200] "GET /socket.io/?EIO=3&transport=polling&t=1457962558776-5393&sid=PnjLqvTRz23llV5_AADT HTTP/1.1" 200 4 "http://somehost.com/desk" "Mozilla/5.0 (Macintosh; Intel Mac OS X 10_11_3) AppleWebKit/537.36 (KHTML, like Gecko) Chrome/48.0.2564.116 Safari/537.36"
141.170.240.20 - - [14/Mar/2016:15:36:24 +0200] "POST /socket.io/?EIO=3&transport=polling&t=1457962584475-5394&sid=PnjLqvTRz23llV5_AADT HTTP/1.1" 200 2 "http://somehost.com/desk" "Mozilla/5.0 (Macintosh; Intel Mac OS X 10_11_3) AppleWebKit/537.36 (KHTML, like Gecko) Chrome/48.0.2564.116 Safari/537.36"
178.250.62.30 - - [14/Mar/2016:15:36:33 +0200] "GET /socket.io/?EIO=3&transport=polling&t=1457962568500-201&sid=FfmDWF84rKexIW__AADU HTTP/1.1" 200 4 "http://somehost.com/desk" "Mozilla/5.0 (Windows NT 6.3; WOW64) AppleWebKit/537.36 (KHTML, like Gecko) Chrome/48.0.2564.116 Safari/537.36"
178.250.62.30 - - [14/Mar/2016:15:36:33 +0200] "POST /socket.io/?EIO=3&transport=polling&t=1457962593508-202&sid=FfmDWF84rKexIW__AADU HTTP/1.1" 200 2 "http://somehost.com/desk" "Mozilla/5.0 (Windows NT 6.3; WOW64) AppleWebKit/537.36 (KHTML, like Gecko) Chrome/48.0.2564.116 Safari/537.36"
178.250.62.30 - - [14/Mar/2016:15:36:43 +0200] "POST / HTTP/1.1" 200 518 "http://somehost.com/desk" "Mozilla/5.0 (Windows NT 6.3; WOW64) AppleWebKit/537.36 (KHTML, like Gecko) Chrome/48.0.2564.116 Safari/537.36"
178.250.62.30 - - [14/Mar/2016:15:36:44 +0200] "GET /?txt=&doctype=Opportunity&filters=%7B%22status%22%3A%5B%22not+in%22%2C%5B%22Lost%22%2C%22Closed%22%5D%5D%2C%22enquiry_type%22%3A%22Sales%22%2C%22customer%22%3A%22KND-101360%22%2C%22company%22%3A%22ENIP%22%7D&cmd=frappe.desk.search.search_link&_=1457960532622 HTTP/1.1" 200 14 "http://somehost.com/desk" "Mozilla/5.0 (Windows NT 6.3; WOW64) AppleWebKit/537.36 (KHTML, like Gecko) Chrome/48.0.2564.116 Safari/537.36"
141.170.240.20 - - [14/Mar/2016:15:36:50 +0200] "GET /socket.io/?EIO=3&transport=polling&t=1457962584666-5395&sid=PnjLqvTRz23llV5_AADT HTTP/1.1" 200 4 "http://somehost.com/desk" "Mozilla/5.0 (Macintosh; Intel Mac OS X 10_11_3) AppleWebKit/537.36 (KHTML, like Gecko) Chrome/48.0.2564.116 Safari/537.36"
141.170.240.20 - - [14/Mar/2016:15:36:50 +0200] "POST /socket.io/?EIO=3&transport=polling&t=1457962610431-5396&sid=PnjLqvTRz23llV5_AADT HTTP/1.1" 200 2 "http://somehost.com/desk" "Mozilla/5.0 (Macintosh; Intel Mac OS X 10_11_3) AppleWebKit/537.36 (KHTML, like Gecko) Chrome/48.0.2564.116 Safari/537.36"
178.250.62.30 - - [14/Mar/2016:15:36:54 +0200] "POST /socket.io/?EIO=3&transport=polling&t=1457962613805-204&sid=FfmDWF84rKexIW__AADU HTTP/1.1" 200 2 "http://somehost.com/desk" "Mozilla/5.0 (Windows NT 6.3; WOW64) AppleWebKit/537.36 (KHTML, like Gecko) Chrome/48.0.2564.116 Safari/537.36"
178.250.62.30 - - [14/Mar/2016:15:36:54 +0200] "POST /socket.io/?EIO=3&transport=polling&t=1457962613928-205&sid=FfmDWF84rKexIW__AADU HTTP/1.1" 200 2 "http://somehost.com/desk" "Mozilla/5.0 (Windows NT 6.3; WOW64) AppleWebKit/537.36 (KHTML, like Gecko) Chrome/48.0.2564.116 Safari/537.36"
178.250.62.30 - - [14/Mar/2016:15:36:54 +0200] "GET /?stats=%5B%22_user_tags%22%2C%22status%22%5D&doctype=Quotation&cmd=frappe.desk.reportview.get_stats&_=1457960532623 HTTP/1.1" 200 83 "http://somehost.com/desk" "Mozilla/5.0 (Windows NT 6.3; WOW64) AppleWebKit/537.36 (KHTML, like Gecko) Chrome/48.0.2564.116 Safari/537.36"
178.250.62.30 - - [14/Mar/2016:15:36:54 +0200] "GET /?limit_start=0&limit_page_length=20&doctype=Quotation&fields=%5B%22%60tabQuotation%60.%60name%60%22%2C%22%60tabQuotation%60.%60owner%60%22%2C%22%60tabQuotation%60.%60docstatus%60%22%2C%22%60tabQuotation%60.%60_user_tags%60%22%2C%22%60tabQuotation%60.%60_comments%60%22%2C%22%60tabQuotation%60.%60modified%60%22%2C%22%60tabQuotation%60.%60modified_by%60%22%2C%22%60tabQuotation%60.%60_assign%60%22%2C%22%60tabQuotation%60.%60_liked_by%60%22%2C%22%60tabQuotation%60.%60title%60%22%2C%22%60tabQuotation%60.%60grand_total%60%22%2C%22%60tabQuotation%60.%60currency%60%22%2C%22%60tabQuotation%60.%60status%60%22%2C%22%60tabQuotation%60.customer_name%22%2C%22%60tabQuotation%60.base_grand_total%22%2C%22%60tabQuotation%60.status%22%2C%22%60tabQuotation%60.company%22%2C%22%60tabQuotation%60.currency%22%5D&filters=%5B%5B%22Quotation%22%2C%22docstatus%22%2C%22%3D%22%2C%220%22%5D%5D&with_comment_count=true&cmd=frappe.desk.reportview.get&_=1457960532624 HTTP/1.1" 200 3517 "http://somehost.com/desk" "Mozilla/5.0 (Windows NT 6.3; WOW64) AppleWebKit/537.36 (KHTML, like Gecko) Chrome/48.0.2564.116 Safari/537.36"
178.250.62.30 - - [14/Mar/2016:15:36:58 +0200] "GET /socket.io/?EIO=3&transport=polling&t=1457962593633-203&sid=FfmDWF84rKexIW__AADU HTTP/1.1" 200 4 "http://somehost.com/desk" "Mozilla/5.0 (Windows NT 6.3; WOW64) AppleWebKit/537.36 (KHTML, like Gecko) Chrome/48.0.2564.116 Safari/537.36"
178.250.62.30 - - [14/Mar/2016:15:36:58 +0200] "POST /socket.io/?EIO=3&transport=polling&t=1457962618636-206&sid=FfmDWF84rKexIW__AADU HTTP/1.1" 200 2 "http://somehost.com/desk" "Mozilla/5.0 (Windows NT 6.3; WOW64) AppleWebKit/537.36 (KHTML, like Gecko) Chrome/48.0.2564.116 Safari/537.36"
178.250.62.30 - - [14/Mar/2016:15:37:13 +0200] "POST / HTTP/1.1" 200 518 "http://somehost.com/desk" "Mozilla/5.0 (Windows NT 6.3; WOW64) AppleWebKit/537.36 (KHTML, like Gecko) Chrome/48.0.2564.116 Safari/537.36"
141.170.240.20 - - [14/Mar/2016:15:37:21 +0200] "GET /socket.io/?EIO=3&transport=polling&t=1457962610538-5397&sid=PnjLqvTRz23llV5_AADT HTTP/1.1" 200 4 "http://somehost.com/desk" "Mozilla/5.0 (Macintosh; Intel Mac OS X 10_11_3) AppleWebKit/537.36 (KHTML, like Gecko) Chrome/48.0.2564.116 Safari/537.36"
141.170.240.20 - - [14/Mar/2016:15:37:21 +0200] "POST /socket.io/?EIO=3&transport=polling&t=1457962641104-5398&sid=PnjLqvTRz23llV5_AADT HTTP/1.1" 200 2 "http://somehost.com/desk" "Mozilla/5.0 (Macintosh; Intel Mac OS X 10_11_3) AppleWebKit/537.36 (KHTML, like Gecko) Chrome/48.0.2564.116 Safari/537.36"
178.250.62.30 - - [14/Mar/2016:15:37:23 +0200] "GET /?limit_start=0&limit_page_length=20&doctype=Quotation&fields=%5B%22%60tabQuotation%60.%60name%60%22%2C%22%60tabQuotation%60.%60owner%60%22%2C%22%60tabQuotation%60.%60docstatus%60%22%2C%22%60tabQuotation%60.%60_user_tags%60%22%2C%22%60tabQuotation%60.%60_comments%60%22%2C%22%60tabQuotation%60.%60modified%60%22%2C%22%60tabQuotation%60.%60modified_by%60%22%2C%22%60tabQuotation%60.%60_assign%60%22%2C%22%60tabQuotation%60.%60_liked_by%60%22%2C%22%60tabQuotation%60.%60title%60%22%2C%22%60tabQuotation%60.%60grand_total%60%22%2C%22%60tabQuotation%60.%60currency%60%22%2C%22%60tabQuotation%60.%60status%60%22%2C%22%60tabQuotation%60.customer_name%22%2C%22%60tabQuotation%60.base_grand_total%22%2C%22%60tabQuotation%60.status%22%2C%22%60tabQuotation%60.company%22%2C%22%60tabQuotation%60.currency%22%5D&filters=%5B%5B%22Quotation%22%2C%22docstatus%22%2C%22%3D%22%2C%220%22%5D%2C%5B%22Quotation%22%2C%22status%22%2C%22%3D%22%2C%22Replied%22%5D%5D&with_comment_count=true&cmd=frappe.desk.reportview.get&_=1457960532625 HTTP/1.1" 200 2 "http://somehost.com/desk" "Mozilla/5.0 (Windows NT 6.3; WOW64) AppleWebKit/537.36 (KHTML, like Gecko) Chrome/48.0.2564.116 Safari/537.36"
178.250.62.30 - - [14/Mar/2016:15:37:23 +0200] "GET /socket.io/?EIO=3&transport=polling&t=1457962618698-207&sid=FfmDWF84rKexIW__AADU HTTP/1.1" 200 4 "http://somehost.com/desk" "Mozilla/5.0 (Windows NT 6.3; WOW64) AppleWebKit/537.36 (KHTML, like Gecko) Chrome/48.0.2564.116 Safari/537.36"
178.250.62.30 - - [14/Mar/2016:15:37:23 +0200] "POST /socket.io/?EIO=3&transport=polling&t=1457962643710-208&sid=FfmDWF84rKexIW__AADU HTTP/1.1" 200 2 "http://somehost.com/desk" "Mozilla/5.0 (Windows NT 6.3; WOW64) AppleWebKit/537.36 (KHTML, like Gecko) Chrome/48.0.2564.116 Safari/537.36"
178.250.62.30 - - [14/Mar/2016:15:37:34 +0200] "GET /?limit_start=0&limit_page_length=20&doctype=Quotation&fields=%5B%22%60tabQuotation%60.%60name%60%22%2C%22%60tabQuotation%60.%60quotation_to%60%22%2C%22%60tabQuotation%60.%60lead%60%22%2C%22%60tabQuotation%60.%60customer%60%22%2C%22%60tabQuotation%60.%60company%60%22%2C%22%60tabQuotation%60.%60customer_address%60%22%2C%22%60tabQuotation%60.%60contact_person%60%22%2C%22%60tabQuotation%60.%60territory%60%22%2C%22%60tabQuotation%60.%60customer_group%60%22%2C%22%60tabQuotation%60.%60order_type%60%22%2C%22%60tabQuotation%60.%60transaction_date%60%22%2C%22%60tabQuotation%60.%60currency%60%22%2C%22%60tabQuotation%60.%60selling_price_list%60%22%2C%22%60tabQuotation%60.%60grand_total%60%22%2C%22%60tabQuotation%60.%60status%60%22%2C%22%60tabQuotation%60.%60fiscal_year%60%22%5D&order_by=%60tabQuotation%60.%60modified%60+desc&filters=%5B%5B%22Quotation%22%2C%22docstatus%22%2C%22!%3D%22%2C%222%22%5D%5D&with_childnames=1&cmd=frappe.desk.reportview.get&_=1457960532626 HTTP/1.1" 200 4012 "http://somehost.com/desk" "Mozilla/5.0 (Windows NT 6.3; WOW64) AppleWebKit/537.36 (KHTML, like Gecko) Chrome/48.0.2564.116 Safari/537.36"
178.250.62.30 - - [14/Mar/2016:15:37:43 +0200] "POST / HTTP/1.1" 200 518 "http://somehost.com/desk" "Mozilla/5.0 (Windows NT 6.3; WOW64) AppleWebKit/537.36 (KHTML, like Gecko) Chrome/48.0.2564.116 Safari/537.36"
141.170.240.20 - - [14/Mar/2016:15:37:46 +0200] "GET /socket.io/?EIO=3&transport=polling&t=1457962641197-5399&sid=PnjLqvTRz23llV5_AADT HTTP/1.1" 200 4 "http://somehost.com/desk" "Mozilla/5.0 (Macintosh; Intel Mac OS X 10_11_3) AppleWebKit/537.36 (KHTML, like Gecko) Chrome/48.0.2564.116 Safari/537.36"
141.170.240.20 - - [14/Mar/2016:15:37:46 +0200] "POST /socket.io/?EIO=3&transport=polling&t=1457962666290-5400&sid=PnjLqvTRz23llV5_AADT HTTP/1.1" 200 2 "http://somehost.com/desk" "Mozilla/5.0 (Macintosh; Intel Mac OS X 10_11_3) AppleWebKit/537.36 (KHTML, like Gecko) Chrome/48.0.2564.116 Safari/537.36"
178.250.62.30 - - [14/Mar/2016:15:37:49 +0200] "GET /socket.io/?EIO=3&transport=polling&t=1457962643927-209&sid=FfmDWF84rKexIW__AADU HTTP/1.1" 200 4 "http://somehost.com/desk" "Mozilla/5.0 (Windows NT 6.3; WOW64) AppleWebKit/537.36 (KHTML, like Gecko) Chrome/48.0.2564.116 Safari/537.36"
178.250.62.30 - - [14/Mar/2016:15:37:49 +0200] "POST /socket.io/?EIO=3&transport=polling&t=1457962668927-210&sid=FfmDWF84rKexIW__AADU HTTP/1.1" 200 2 "http://somehost.com/desk" "Mozilla/5.0 (Windows NT 6.3; WOW64) AppleWebKit/537.36 (KHTML, like Gecko) Chrome/48.0.2564.116 Safari/537.36"
141.170.240.20 - - [14/Mar/2016:15:38:12 +0200] "GET /socket.io/?EIO=3&transport=polling&t=1457962666458-5401&sid=PnjLqvTRz23llV5_AADT HTTP/1.1" 200 4 "http://somehost.com/desk" "Mozilla/5.0 (Macintosh; Intel Mac OS X 10_11_3) AppleWebKit/537.36 (KHTML, like Gecko) Chrome/48.0.2564.116 Safari/537.36"
141.170.240.20 - - [14/Mar/2016:15:38:12 +0200] "POST /socket.io/?EIO=3&transport=polling&t=1457962692272-5402&sid=PnjLqvTRz23llV5_AADT HTTP/1.1" 404 2 "http://somehost.com/desk" "Mozilla/5.0 (Macintosh; Intel Mac OS X 10_11_3) AppleWebKit/537.36 (KHTML, like Gecko) Chrome/48.0.2564.116 Safari/537.36"
178.250.62.30 - - [14/Mar/2016:15:38:13 +0200] "POST / HTTP/1.1" 200 518 "http://somehost.com/desk" "Mozilla/5.0 (Windows NT 6.3; WOW64) AppleWebKit/537.36 (KHTML, like Gecko) Chrome/48.0.2564.116 Safari/537.36"
178.250.62.30 - - [14/Mar/2016:15:38:14 +0200] "GET /socket.io/?EIO=3&transport=polling&t=1457962669058-211&sid=FfmDWF84rKexIW__AADU HTTP/1.1" 200 4 "http://somehost.com/desk" "Mozilla/5.0 (Windows NT 6.3; WOW64) AppleWebKit/537.36 (KHTML, like Gecko) Chrome/48.0.2564.116 Safari/537.36"
178.250.62.30 - - [14/Mar/2016:15:38:14 +0200] "POST /socket.io/?EIO=3&transport=polling&t=1457962694061-212&sid=FfmDWF84rKexIW__AADU HTTP/1.1" 200 2 "http://somehost.com/desk" "Mozilla/5.0 (Windows NT 6.3; WOW64) AppleWebKit/537.36 (KHTML, like Gecko) Chrome/48.0.2564.116 Safari/537.36"
178.250.62.30 - - [14/Mar/2016:15:38:25 +0200] "GET /?stats=%5B%22_user_tags%22%2C%22status%22%5D&doctype=Quotation&cmd=frappe.desk.reportview.get_stats&_=1457960532627 HTTP/1.1" 200 83 "http://somehost.com/desk" "Mozilla/5.0 (Windows NT 6.3; WOW64) AppleWebKit/537.36 (KHTML, like Gecko) Chrome/48.0.2564.116 Safari/537.36"
178.250.62.30 - - [14/Mar/2016:15:38:25 +0200] "GET /?limit_start=0&limit_page_length=20&doctype=Quotation&fields=%5B%22%60tabQuotation%60.%60name%60%22%2C%22%60tabQuotation%60.%60owner%60%22%2C%22%60tabQuotation%60.%60docstatus%60%22%2C%22%60tabQuotation%60.%60_user_tags%60%22%2C%22%60tabQuotation%60.%60_comments%60%22%2C%22%60tabQuotation%60.%60modified%60%22%2C%22%60tabQuotation%60.%60modified_by%60%22%2C%22%60tabQuotation%60.%60_assign%60%22%2C%22%60tabQuotation%60.%60_liked_by%60%22%2C%22%60tabQuotation%60.%60title%60%22%2C%22%60tabQuotation%60.%60grand_total%60%22%2C%22%60tabQuotation%60.%60currency%60%22%2C%22%60tabQuotation%60.%60status%60%22%2C%22%60tabQuotation%60.customer_name%22%2C%22%60tabQuotation%60.base_grand_total%22%2C%22%60tabQuotation%60.status%22%2C%22%60tabQuotation%60.company%22%2C%22%60tabQuotation%60.currency%22%5D&filters=%5B%5B%22Quotation%22%2C%22docstatus%22%2C%22%3D%22%2C%220%22%5D%2C%5B%22Quotation%22%2C%22status%22%2C%22%3D%22%2C%22Replied%22%5D%5D&with_comment_count=true&cmd=frappe.desk.reportview.get&_=1457960532628 HTTP/1.1" 200 2 "http://somehost.com/desk" "Mozilla/5.0 (Windows NT 6.3; WOW64) AppleWebKit/537.36 (KHTML, like Gecko) Chrome/48.0.2564.116 Safari/537.36"
178.250.62.30 - - [14/Mar/2016:15:38:39 +0200] "GET /socket.io/?EIO=3&transport=polling&t=1457962694139-213&sid=FfmDWF84rKexIW__AADU HTTP/1.1" 200 4 "http://somehost.com/desk" "Mozilla/5.0 (Windows NT 6.3; WOW64) AppleWebKit/537.36 (KHTML, like Gecko) Chrome/48.0.2564.116 Safari/537.36"
178.250.62.30 - - [14/Mar/2016:15:38:39 +0200] "POST /socket.io/?EIO=3&transport=polling&t=1457962719161-214&sid=FfmDWF84rKexIW__AADU HTTP/1.1" 200 2 "http://somehost.com/desk" "Mozilla/5.0 (Windows NT 6.3; WOW64) AppleWebKit/537.36 (KHTML, like Gecko) Chrome/48.0.2564.116 Safari/537.36"
141.170.240.20 - - [14/Mar/2016:15:38:42 +0200] "GET /socket.io/?EIO=3&transport=polling&t=1457962692360-5403&sid=PnjLqvTRz23llV5_AADT HTTP/1.1" 200 4 "http://somehost.com/desk" "Mozilla/5.0 (Macintosh; Intel Mac OS X 10_11_3) AppleWebKit/537.36 (KHTML, like Gecko) Chrome/48.0.2564.116 Safari/537.36"
141.170.240.20 - - [14/Mar/2016:15:38:42 +0200] "POST /socket.io/?EIO=3&transport=polling&t=1457962722214-5404&sid=PnjLqvTRz23llV5_AADT HTTP/1.1" 200 2 "http://somehost.com/desk" "Mozilla/5.0 (Macintosh; Intel Mac OS X 10_11_3) AppleWebKit/537.36 (KHTML, like Gecko) Chrome/48.0.2564.116 Safari/537.36"
178.250.62.30 - - [14/Mar/2016:15:38:43 +0200] "POST / HTTP/1.1" 200 518 "http://somehost.com/desk" "Mozilla/5.0 (Windows NT 6.3; WOW64) AppleWebKit/537.36 (KHTML, like Gecko) Chrome/48.0.2564.116 Safari/537.36"
178.250.62.30 - - [14/Mar/2016:15:38:48 +0200] "GET /?doctype=Sales+Order&with_parent=1&cached_timestamp=&cmd=frappe.desk.form.load.getdoctype&_=1457960532629 HTTP/1.1" 200 267630 "http://somehost.com/desk" "Mozilla/5.0 (Windows NT 6.3; WOW64) AppleWebKit/537.36 (KHTML, like Gecko) Chrome/48.0.2564.116 Safari/537.36"
178.250.62.30 - - [14/Mar/2016:15:38:48 +0200] "GET /?stats=%5B%22_user_tags%22%2C%22status%22%5D&doctype=Sales+Order&cmd=frappe.desk.reportview.get_stats&_=1457960532630 HTTP/1.1" 200 95 "http://somehost.com/desk" "Mozilla/5.0 (Windows NT 6.3; WOW64) AppleWebKit/537.36 (KHTML, like Gecko) Chrome/48.0.2564.116 Safari/537.36"
178.250.62.30 - - [14/Mar/2016:15:38:48 +0200] "GET /?limit_start=0&limit_page_length=20&doctype=Sales+Order&fields=%5B%22%60tabSales+Order%60.%60name%60%22%2C%22%60tabSales+Order%60.%60owner%60%22%2C%22%60tabSales+Order%60.%60docstatus%60%22%2C%22%60tabSales+Order%60.%60_user_tags%60%22%2C%22%60tabSales+Order%60.%60_comments%60%22%2C%22%60tabSales+Order%60.%60modified%60%22%2C%22%60tabSales+Order%60.%60modified_by%60%22%2C%22%60tabSales+Order%60.%60_assign%60%22%2C%22%60tabSales+Order%60.%60_liked_by%60%22%2C%22%60tabSales+Order%60.%60title%60%22%2C%22%60tabSales+Order%60.%60grand_total%60%22%2C%22%60tabSales+Order%60.%60currency%60%22%2C%22%60tabSales+Order%60.%60status%60%22%2C%22%60tabSales+Order%60.%60per_delivered%60%22%2C%22%60tabSales+Order%60.%60per_billed%60%22%2C%22%60tabSales+Order%60.base_grand_total%22%2C%22%60tabSales+Order%60.customer_name%22%2C%22%60tabSales+Order%60.currency%22%2C%22%60tabSales+Order%60.delivery_date%22%2C%22%60tabSales+Order%60.per_delivered%22%2C%22%60tabSales+Order%60.per_billed%22%2C%22%60tabSales+Order%60.status%22%2C%22%60tabSales+Order%60.order_type%22%5D&filters=%5B%5B%22Sales+Order%22%2C%22docstatus%22%2C%22!%3D%22%2C%222%22%5D%5D&with_comment_count=true&cmd=frappe.desk.reportview.get&_=1457960532631 HTTP/1.1" 200 4082 "http://somehost.com/desk" "Mozilla/5.0 (Windows NT 6.3; WOW64) AppleWebKit/537.36 (KHTML, like Gecko) Chrome/48.0.2564.116 Safari/537.36"
178.250.62.30 - - [14/Mar/2016:15:38:53 +0200] "GET /?stats=%5B%22_user_tags%22%2C%22status%22%5D&doctype=Quotation&cmd=frappe.desk.reportview.get_stats&_=1457960532632 HTTP/1.1" 200 83 "http://somehost.com/desk" "Mozilla/5.0 (Windows NT 6.3; WOW64) AppleWebKit/537.36 (KHTML, like Gecko) Chrome/48.0.2564.116 Safari/537.36"
178.250.62.30 - - [14/Mar/2016:15:39:04 +0200] "GET /socket.io/?EIO=3&transport=polling&t=1457962719286-215&sid=FfmDWF84rKexIW__AADU HTTP/1.1" 200 4 "http://somehost.com/desk" "Mozilla/5.0 (Windows NT 6.3; WOW64) AppleWebKit/537.36 (KHTML, like Gecko) Chrome/48.0.2564.116 Safari/537.36"
178.250.62.30 - - [14/Mar/2016:15:39:04 +0200] "POST /socket.io/?EIO=3&transport=polling&t=1457962744294-216&sid=FfmDWF84rKexIW__AADU HTTP/1.1" 200 2 "http://somehost.com/desk" "Mozilla/5.0 (Windows NT 6.3; WOW64) AppleWebKit/537.36 (KHTML, like Gecko) Chrome/48.0.2564.116 Safari/537.36"
178.250.62.30 - - [14/Mar/2016:15:39:13 +0200] "POST / HTTP/1.1" 200 518 "http://somehost.com/desk" "Mozilla/5.0 (Windows NT 6.3; WOW64) AppleWebKit/537.36 (KHTML, like Gecko) Chrome/48.0.2564.116 Safari/537.36"
141.170.240.20 - - [14/Mar/2016:15:39:18 +0200] "GET /socket.io/?EIO=3&transport=polling&t=1457962722299-5405&sid=PnjLqvTRz23llV5_AADT HTTP/1.1" 200 4 "http://somehost.com/desk" "Mozilla/5.0 (Macintosh; Intel Mac OS X 10_11_3) AppleWebKit/537.36 (KHTML, like Gecko) Chrome/48.0.2564.116 Safari/537.36"
141.170.240.20 - - [14/Mar/2016:15:39:18 +0200] "POST /socket.io/?EIO=3&transport=polling&t=1457962758363-5406&sid=PnjLqvTRz23llV5_AADT HTTP/1.1" 200 2 "http://somehost.com/desk" "Mozilla/5.0 (Macintosh; Intel Mac OS X 10_11_3) AppleWebKit/537.36 (KHTML, like Gecko) Chrome/48.0.2564.116 Safari/537.36"
178.250.62.30 - - [14/Mar/2016:15:39:19 +0200] "GET /?doctype=Quotation&name=AN-00002918&cmd=frappe.desk.form.load.getdoc&_=1457960532633 HTTP/1.1" 200 47754 "http://somehost.com/desk" "Mozilla/5.0 (Windows NT 6.3; WOW64) AppleWebKit/537.36 (KHTML, like Gecko) Chrome/48.0.2564.116 Safari/537.36"
178.250.62.30 - - [14/Mar/2016:15:39:19 +0200] "POST / HTTP/1.1" 200 45 "http://somehost.com/desk" "Mozilla/5.0 (Windows NT 6.3; WOW64) AppleWebKit/537.36 (KHTML, like Gecko) Chrome/48.0.2564.116 Safari/537.36"
178.250.62.30 - - [14/Mar/2016:15:39:19 +0200] "POST /socket.io/?EIO=3&transport=polling&t=1457962759623-218&sid=FfmDWF84rKexIW__AADU HTTP/1.1" 200 2 "http://somehost.com/desk" "Mozilla/5.0 (Windows NT 6.3; WOW64) AppleWebKit/537.36 (KHTML, like Gecko) Chrome/48.0.2564.116 Safari/537.36"
178.250.62.30 - - [14/Mar/2016:15:39:19 +0200] "GET /files/Barbara%20Lombardi.png HTTP/1.1" 200 17059 "http://somehost.com/desk" "Mozilla/5.0 (Windows NT 6.3; WOW64) AppleWebKit/537.36 (KHTML, like Gecko) Chrome/48.0.2564.116 Safari/537.36"
178.250.62.30 - - [14/Mar/2016:15:39:19 +0200] "POST / HTTP/1.1" 200 60 "http://somehost.com/desk" "Mozilla/5.0 (Windows NT 6.3; WOW64) AppleWebKit/537.36 (KHTML, like Gecko) Chrome/48.0.2564.116 Safari/537.36"
178.250.62.30 - - [14/Mar/2016:15:39:19 +0200] "POST /socket.io/?EIO=3&transport=polling&t=1457962759802-219&sid=FfmDWF84rKexIW__AADU HTTP/1.1" 200 2 "http://somehost.com/desk" "Mozilla/5.0 (Windows NT 6.3; WOW64) AppleWebKit/537.36 (KHTML, like Gecko) Chrome/48.0.2564.116 Safari/537.36"
93.77.255.165 - - [14/Mar/2016:15:39:20 +0200] "GET /api/method/frappe.async.can_subscribe_doc HTTP/1.1" 200 16 "-" "node-superagent/1.6.1"
178.250.62.30 - - [14/Mar/2016:15:39:20 +0200] "GET /socket.io/?EIO=3&transport=polling&t=1457962744435-217&sid=FfmDWF84rKexIW__AADU HTTP/1.1" 200 106 "http://somehost.com/desk" "Mozilla/5.0 (Windows NT 6.3; WOW64) AppleWebKit/537.36 (KHTML, like Gecko) Chrome/48.0.2564.116 Safari/537.36"
93.77.255.165 - - [14/Mar/2016:15:39:20 +0200] "GET /api/method/frappe.async.can_subscribe_doc HTTP/1.1" 200 16 "-" "node-superagent/1.6.1"
178.250.62.30 - - [14/Mar/2016:15:39:29 +0200] "GET /socket.io/?EIO=3&transport=polling&t=1457962760023-220&sid=FfmDWF84rKexIW__AADU HTTP/1.1" 200 4 "http://somehost.com/desk" "Mozilla/5.0 (Windows NT 6.3; WOW64) AppleWebKit/537.36 (KHTML, like Gecko) Chrome/48.0.2564.116 Safari/537.36"
